Command line invocation:
    /Applications/Xcode.app/Contents/Developer/usr/bin/xcodebuild -project NaarsCars/NaarsCars.xcodeproj -scheme NaarsCars -sdk iphonesimulator -configuration Debug build

Build settings from command line:
    SDKROOT = iphonesimulator26.2

Resolve Package Graph


Resolved source packages:
  gRPC: https://github.com/google/grpc-binary.git @ 1.69.1
  xctest-dynamic-overlay: https://github.com/pointfreeco/xctest-dynamic-overlay @ 1.8.1
  swift-clocks: https://github.com/pointfreeco/swift-clocks @ 1.0.6
  GTMSessionFetcher: https://github.com/google/gtm-session-fetcher.git @ 5.0.0
  swift-concurrency-extras: https://github.com/pointfreeco/swift-concurrency-extras @ 1.3.2
  GoogleUtilities: https://github.com/google/GoogleUtilities.git @ 8.1.0
  AppCheck: https://github.com/google/app-check.git @ 11.2.0
  swift-crypto: https://github.com/apple/swift-crypto.git @ 4.2.0
  GoogleAdsOnDeviceConversion: https://github.com/googleads/google-ads-on-device-conversion-ios-sdk @ 3.2.0
  abseil: https://github.com/google/abseil-cpp-binary.git @ 1.2024072200.0
  swift-asn1: https://github.com/apple/swift-asn1.git @ 1.5.1
  InteropForGoogle: https://github.com/google/interop-ios-for-google-sdks.git @ 101.0.0
  nanopb: https://github.com/firebase/nanopb.git @ 2.30910.0
  GoogleDataTransport: https://github.com/google/GoogleDataTransport.git @ 10.1.0
  swift-http-types: https://github.com/apple/swift-http-types.git @ 1.5.1
  Promises: https://github.com/google/promises.git @ 2.4.0
  Firebase: https://github.com/firebase/firebase-ios-sdk @ 12.8.0
  Supabase: https://github.com/supabase/supabase-swift @ 2.40.0
  GoogleAppMeasurement: https://github.com/google/GoogleAppMeasurement.git @ 12.8.0
  leveldb: https://github.com/firebase/leveldb.git @ 1.22.5

--- xcodebuild: WARNING: Using the first of multiple matching destinations:
{ platform:iOS Simulator, id:dvtdevice-DVTiOSDeviceSimulatorPlaceholder-iphonesimulator:placeholder, name:Any iOS Simulator Device }
{ platform:iOS Simulator, arch:arm64, id:5F50432F-7347-4EB1-ACBF-E7170FB7DD5C, OS:26.2, name:iPad (A16) }
{ platform:iOS Simulator, arch:arm64, id:6CD049B8-7FFD-42AC-B569-D3825A888507, OS:26.2, name:iPad Air 11-inch (M3) }
{ platform:iOS Simulator, arch:arm64, id:982EA0E5-A449-48DF-B116-DCDAA8E3BF50, OS:26.2, name:iPad Air 13-inch (M3) }
{ platform:iOS Simulator, arch:arm64, id:73DA58EF-AE47-4688-8FAE-DDB5737FD134, OS:26.2, name:iPad Pro 11-inch (M5) }
{ platform:iOS Simulator, arch:arm64, id:CE3DB0CA-E6B4-42B3-B7B9-C057BE3F62A2, OS:26.2, name:iPad Pro 13-inch (M5) }
{ platform:iOS Simulator, arch:arm64, id:7A0FD18F-16B7-4EE0-978F-4E5A2487CAC4, OS:26.2, name:iPad mini (A17 Pro) }
{ platform:iOS Simulator, arch:arm64, id:E3942B0C-E95E-4E61-8F6A-10F235F57A46, OS:26.2, name:iPhone 15 }
{ platform:iOS Simulator, arch:arm64, id:9E317DD6-936C-457F-B337-919B7DBA1521, OS:26.2, name:iPhone 16e }
{ platform:iOS Simulator, arch:arm64, id:9B4AD054-6B47-4B75-A09A-D2A71DDC278B, OS:26.2, name:iPhone 17 }
{ platform:iOS Simulator, arch:arm64, id:3935D7CA-6641-4C7A-93AD-DB3089D1A03D, OS:26.2, name:iPhone 17 Pro }
{ platform:iOS Simulator, arch:arm64, id:D13E6307-B5BB-4B57-8519-918CA330DFB2, OS:26.2, name:iPhone 17 Pro Max }
{ platform:iOS Simulator, arch:arm64, id:42C2A7D8-6B51-433C-8138-BF70FDF5BBB2, OS:26.2, name:iPhone Air }
{ platform:iOS, id:dvtdevice-DVTiPhonePlaceholder-iphoneos:placeholder, name:Any iOS Device }
ComputePackagePrebuildTargetDependencyGraph

Prepare packages

CreateBuildRequest

SendProjectDescription

CreateBuildOperation

ComputeTargetDependencyGraph
note: Building targets in dependency order
note: Target dependency graph (94 targets)
    Target 'NaarsCars' in project 'NaarsCars'
        ➜ Explicit dependency on target 'FirebaseAnalytics' in project 'Firebase'
        ➜ Explicit dependency on target 'PostgREST' in project 'Supabase'
        ➜ Explicit dependency on target 'Functions' in project 'Supabase'
        ➜ Explicit dependency on target 'Supabase' in project 'Supabase'
        ➜ Explicit dependency on target 'Auth' in project 'Supabase'
        ➜ Explicit dependency on target 'Storage' in project 'Supabase'
        ➜ Explicit dependency on target 'Realtime' in project 'Supabase'
        ➜ Explicit dependency on target 'FirebaseCrashlytics' in project 'Firebase'
        ➜ Explicit dependency on target 'FirebaseCore' in project 'Firebase'
        ➜ Explicit dependency on target 'FirebaseAnalyticsCore' in project 'Firebase'
    Target 'FirebaseAnalyticsCore' in project 'Firebase'
        ➜ Explicit dependency on target 'FirebaseAnalyticsCoreTarget' in project 'Firebase'
        ➜ Explicit dependency on target 'Firebase' in project 'Firebase'
        ➜ Explicit dependency on target 'FirebaseCoreInternal' in project 'Firebase'
        ➜ Explicit dependency on target 'FirebaseCore' in project 'Firebase'
        ➜ Explicit dependency on target 'FirebaseInstallations' in project 'Firebase'
        ➜ Explicit dependency on target 'FirebaseAnalyticsCoreWrapper' in project 'Firebase'
        ➜ Explicit dependency on target 'GULNSData' in project 'GoogleUtilities'
        ➜ Explicit dependency on target 'GULEnvironment' in project 'GoogleUtilities'
        ➜ Explicit dependency on target 'GULLogger' in project 'GoogleUtilities'
        ➜ Explicit dependency on target 'FBLPromises' in project 'Promises'
        ➜ Explicit dependency on target 'GULUserDefaults' in project 'GoogleUtilities'
        ➜ Explicit dependency on target 'GoogleAppMeasurementCore' in project 'GoogleAppMeasurement'
        ➜ Explicit dependency on target 'GULAppDelegateSwizzler' in project 'GoogleUtilities'
        ➜ Explicit dependency on target 'GULMethodSwizzler' in project 'GoogleUtilities'
        ➜ Explicit dependency on target 'GULNetwork' in project 'GoogleUtilities'
        ➜ Explicit dependency on target 'nanopb' in project 'nanopb'
    Target 'FirebaseAnalyticsCoreTarget' in project 'Firebase'
        ➜ Explicit dependency on target 'Firebase' in project 'Firebase'
        ➜ Explicit dependency on target 'FirebaseCoreInternal' in project 'Firebase'
        ➜ Explicit dependency on target 'FirebaseCore' in project 'Firebase'
        ➜ Explicit dependency on target 'FirebaseInstallations' in project 'Firebase'
        ➜ Explicit dependency on target 'FirebaseAnalyticsCoreWrapper' in project 'Firebase'
        ➜ Explicit dependency on target 'GULNSData' in project 'GoogleUtilities'
        ➜ Explicit dependency on target 'GULEnvironment' in project 'GoogleUtilities'
        ➜ Explicit dependency on target 'GULLogger' in project 'GoogleUtilities'
        ➜ Explicit dependency on target 'FBLPromises' in project 'Promises'
        ➜ Explicit dependency on target 'GULUserDefaults' in project 'GoogleUtilities'
        ➜ Explicit dependency on target 'GoogleAppMeasurementCore' in project 'GoogleAppMeasurement'
        ➜ Explicit dependency on target 'GULAppDelegateSwizzler' in project 'GoogleUtilities'
        ➜ Explicit dependency on target 'GULMethodSwizzler' in project 'GoogleUtilities'
        ➜ Explicit dependency on target 'GULNetwork' in project 'GoogleUtilities'
        ➜ Explicit dependency on target 'nanopb' in project 'nanopb'
    Target 'FirebaseAnalyticsCoreWrapper' in project 'Firebase'
        ➜ Explicit dependency on target 'Firebase' in project 'Firebase'
        ➜ Explicit dependency on target 'FirebaseCoreInternal' in project 'Firebase'
        ➜ Explicit dependency on target 'FirebaseCore' in project 'Firebase'
        ➜ Explicit dependency on target 'FirebaseInstallations' in project 'Firebase'
        ➜ Explicit dependency on target 'GULNSData' in project 'GoogleUtilities'
        ➜ Explicit dependency on target 'GULEnvironment' in project 'GoogleUtilities'
        ➜ Explicit dependency on target 'GULLogger' in project 'GoogleUtilities'
        ➜ Explicit dependency on target 'FBLPromises' in project 'Promises'
        ➜ Explicit dependency on target 'GULUserDefaults' in project 'GoogleUtilities'
        ➜ Explicit dependency on target 'GoogleAppMeasurementCore' in project 'GoogleAppMeasurement'
        ➜ Explicit dependency on target 'GULAppDelegateSwizzler' in project 'GoogleUtilities'
        ➜ Explicit dependency on target 'GULMethodSwizzler' in project 'GoogleUtilities'
        ➜ Explicit dependency on target 'GULNetwork' in project 'GoogleUtilities'
        ➜ Explicit dependency on target 'nanopb' in project 'nanopb'
    Target 'GoogleAppMeasurementCore' in project 'GoogleAppMeasurement'
        ➜ Explicit dependency on target 'GoogleAppMeasurementCoreTarget' in project 'GoogleAppMeasurement'
        ➜ Explicit dependency on target 'GULAppDelegateSwizzler' in project 'GoogleUtilities'
        ➜ Explicit dependency on target 'GULMethodSwizzler' in project 'GoogleUtilities'
        ➜ Explicit dependency on target 'GULNSData' in project 'GoogleUtilities'
        ➜ Explicit dependency on target 'GULNetwork' in project 'GoogleUtilities'
        ➜ Explicit dependency on target 'GULLogger' in project 'GoogleUtilities'
        ➜ Explicit dependency on target 'GULEnvironment' in project 'GoogleUtilities'
        ➜ Explicit dependency on target 'nanopb' in project 'nanopb'
    Target 'GoogleAppMeasurementCoreTarget' in project 'GoogleAppMeasurement'
        ➜ Explicit dependency on target 'GULAppDelegateSwizzler' in project 'GoogleUtilities'
        ➜ Explicit dependency on target 'GULMethodSwizzler' in project 'GoogleUtilities'
        ➜ Explicit dependency on target 'GULNSData' in project 'GoogleUtilities'
        ➜ Explicit dependency on target 'GULNetwork' in project 'GoogleUtilities'
        ➜ Explicit dependency on target 'GULLogger' in project 'GoogleUtilities'
        ➜ Explicit dependency on target 'GULEnvironment' in project 'GoogleUtilities'
        ➜ Explicit dependency on target 'nanopb' in project 'nanopb'
    Target 'FirebaseCore' in project 'Firebase'
        ➜ Explicit dependency on target 'FirebaseCore' in project 'Firebase'
        ➜ Explicit dependency on target 'Firebase_FirebaseCore' in project 'Firebase'
        ➜ Explicit dependency on target 'Firebase' in project 'Firebase'
        ➜ Explicit dependency on target 'FirebaseCoreInternal' in project 'Firebase'
        ➜ Explicit dependency on target 'GULNSData' in project 'GoogleUtilities'
        ➜ Explicit dependency on target 'GULEnvironment' in project 'GoogleUtilities'
        ➜ Explicit dependency on target 'GULLogger' in project 'GoogleUtilities'
    Target 'FirebaseCrashlytics' in project 'Firebase'
        ➜ Explicit dependency on target 'FirebaseCrashlytics' in project 'Firebase'
        ➜ Explicit dependency on target 'Firebase_FirebaseCrashlytics' in project 'Firebase'
        ➜ Explicit dependency on target 'Firebase' in project 'Firebase'
        ➜ Explicit dependency on target 'FirebaseCoreInternal' in project 'Firebase'
        ➜ Explicit dependency on target 'FirebaseCore' in project 'Firebase'
        ➜ Explicit dependency on target 'FirebaseInstallations' in project 'Firebase'
        ➜ Explicit dependency on target 'FirebaseCoreExtension' in project 'Firebase'
        ➜ Explicit dependency on target 'FirebaseSessionsObjC' in project 'Firebase'
        ➜ Explicit dependency on target 'FirebaseSessions' in project 'Firebase'
        ➜ Explicit dependency on target 'FirebaseRemoteConfigInterop' in project 'Firebase'
        ➜ Explicit dependency on target 'FirebaseCrashlyticsSwift' in project 'Firebase'
        ➜ Explicit dependency on target 'GULNSData' in project 'GoogleUtilities'
        ➜ Explicit dependency on target 'GULEnvironment' in project 'GoogleUtilities'
        ➜ Explicit dependency on target 'GULLogger' in project 'GoogleUtilities'
        ➜ Explicit dependency on target 'FBLPromises' in project 'Promises'
        ➜ Explicit dependency on target 'GULUserDefaults' in project 'GoogleUtilities'
        ➜ Explicit dependency on target 'nanopb' in project 'nanopb'
        ➜ Explicit dependency on target 'Promises' in project 'Promises'
        ➜ Explicit dependency on target 'GoogleDataTransport' in project 'GoogleDataTransport'
    Target 'FirebaseCrashlytics' in project 'Firebase'
        ➜ Explicit dependency on target 'Firebase_FirebaseCrashlytics' in project 'Firebase'
        ➜ Explicit dependency on target 'Firebase' in project 'Firebase'
        ➜ Explicit dependency on target 'FirebaseCoreInternal' in project 'Firebase'
        ➜ Explicit dependency on target 'FirebaseCore' in project 'Firebase'
        ➜ Explicit dependency on target 'FirebaseInstallations' in project 'Firebase'
        ➜ Explicit dependency on target 'FirebaseCoreExtension' in project 'Firebase'
        ➜ Explicit dependency on target 'FirebaseSessionsObjC' in project 'Firebase'
        ➜ Explicit dependency on target 'FirebaseSessions' in project 'Firebase'
        ➜ Explicit dependency on target 'FirebaseRemoteConfigInterop' in project 'Firebase'
        ➜ Explicit dependency on target 'FirebaseCrashlyticsSwift' in project 'Firebase'
        ➜ Explicit dependency on target 'GULNSData' in project 'GoogleUtilities'
        ➜ Explicit dependency on target 'GULEnvironment' in project 'GoogleUtilities'
        ➜ Explicit dependency on target 'GULLogger' in project 'GoogleUtilities'
        ➜ Explicit dependency on target 'FBLPromises' in project 'Promises'
        ➜ Explicit dependency on target 'GULUserDefaults' in project 'GoogleUtilities'
        ➜ Explicit dependency on target 'nanopb' in project 'nanopb'
        ➜ Explicit dependency on target 'Promises' in project 'Promises'
        ➜ Explicit dependency on target 'GoogleDataTransport' in project 'GoogleDataTransport'
    Target 'FirebaseCrashlyticsSwift' in project 'Firebase'
        ➜ Explicit dependency on target 'Firebase_FirebaseCrashlyticsSwift' in project 'Firebase'
        ➜ Explicit dependency on target 'FirebaseRemoteConfigInterop' in project 'Firebase'
    Target 'Firebase_FirebaseCrashlyticsSwift' in project 'Firebase' (no dependencies)
    Target 'FirebaseRemoteConfigInterop' in project 'Firebase' (no dependencies)
    Target 'FirebaseSessions' in project 'Firebase'
        ➜ Explicit dependency on target 'Firebase' in project 'Firebase'
        ➜ Explicit dependency on target 'FirebaseCoreInternal' in project 'Firebase'
        ➜ Explicit dependency on target 'FirebaseCore' in project 'Firebase'
        ➜ Explicit dependency on target 'FirebaseInstallations' in project 'Firebase'
        ➜ Explicit dependency on target 'FirebaseCoreExtension' in project 'Firebase'
        ➜ Explicit dependency on target 'FirebaseSessionsObjC' in project 'Firebase'
        ➜ Explicit dependency on target 'GULNSData' in project 'GoogleUtilities'
        ➜ Explicit dependency on target 'GULEnvironment' in project 'GoogleUtilities'
        ➜ Explicit dependency on target 'GULLogger' in project 'GoogleUtilities'
        ➜ Explicit dependency on target 'FBLPromises' in project 'Promises'
        ➜ Explicit dependency on target 'GULUserDefaults' in project 'GoogleUtilities'
        ➜ Explicit dependency on target 'nanopb' in project 'nanopb'
        ➜ Explicit dependency on target 'Promises' in project 'Promises'
        ➜ Explicit dependency on target 'GoogleDataTransport' in project 'GoogleDataTransport'
    Target 'GoogleDataTransport' in project 'GoogleDataTransport'
        ➜ Explicit dependency on target 'GoogleDataTransport' in project 'GoogleDataTransport'
        ➜ Explicit dependency on target 'GoogleDataTransport_GoogleDataTransport' in project 'GoogleDataTransport'
        ➜ Explicit dependency on target 'nanopb' in project 'nanopb'
        ➜ Explicit dependency on target 'FBLPromises' in project 'Promises'
    Target 'GoogleDataTransport' in project 'GoogleDataTransport'
        ➜ Explicit dependency on target 'GoogleDataTransport_GoogleDataTransport' in project 'GoogleDataTransport'
        ➜ Explicit dependency on target 'nanopb' in project 'nanopb'
        ➜ Explicit dependency on target 'FBLPromises' in project 'Promises'
    Target 'GoogleDataTransport_GoogleDataTransport' in project 'GoogleDataTransport' (no dependencies)
    Target 'Promises' in project 'Promises'
        ➜ Explicit dependency on target 'Promises' in project 'Promises'
        ➜ Explicit dependency on target 'Promises_Promises' in project 'Promises'
        ➜ Explicit dependency on target 'FBLPromises' in project 'Promises'
    Target 'Promises' in project 'Promises'
        ➜ Explicit dependency on target 'Promises_Promises' in project 'Promises'
        ➜ Explicit dependency on target 'FBLPromises' in project 'Promises'
    Target 'Promises_Promises' in project 'Promises' (no dependencies)
    Target 'FirebaseSessionsObjC' in project 'Firebase'
        ➜ Explicit dependency on target 'Firebase' in project 'Firebase'
        ➜ Explicit dependency on target 'FirebaseCoreInternal' in project 'Firebase'
        ➜ Explicit dependency on target 'FirebaseCore' in project 'Firebase'
        ➜ Explicit dependency on target 'FirebaseCoreExtension' in project 'Firebase'
        ➜ Explicit dependency on target 'GULNSData' in project 'GoogleUtilities'
        ➜ Explicit dependency on target 'GULEnvironment' in project 'GoogleUtilities'
        ➜ Explicit dependency on target 'GULLogger' in project 'GoogleUtilities'
        ➜ Explicit dependency on target 'nanopb' in project 'nanopb'
    Target 'FirebaseCoreExtension' in project 'Firebase'
        ➜ Explicit dependency on target 'Firebase_FirebaseCoreExtension' in project 'Firebase'
    Target 'Firebase_FirebaseCoreExtension' in project 'Firebase' (no dependencies)
    Target 'Firebase_FirebaseCrashlytics' in project 'Firebase' (no dependencies)
    Target 'Realtime' in project 'Supabase'
        ➜ Explicit dependency on target 'Realtime' in project 'Supabase'
        ➜ Explicit dependency on target 'Helpers' in project 'Supabase'
        ➜ Explicit dependency on target 'ConcurrencyExtras' in project 'swift-concurrency-extras'
        ➜ Explicit dependency on target 'HTTPTypes' in project 'swift-http-types'
        ➜ Explicit dependency on target 'Clocks' in project 'swift-clocks'
        ➜ Explicit dependency on target 'XCTestDynamicOverlay' in project 'xctest-dynamic-overlay'
        ➜ Explicit dependency on target 'IssueReporting' in project 'xctest-dynamic-overlay'
    Target 'Storage' in project 'Supabase'
        ➜ Explicit dependency on target 'Storage' in project 'Supabase'
        ➜ Explicit dependency on target 'Helpers' in project 'Supabase'
        ➜ Explicit dependency on target 'ConcurrencyExtras' in project 'swift-concurrency-extras'
        ➜ Explicit dependency on target 'HTTPTypes' in project 'swift-http-types'
        ➜ Explicit dependency on target 'Clocks' in project 'swift-clocks'
        ➜ Explicit dependency on target 'XCTestDynamicOverlay' in project 'xctest-dynamic-overlay'
    Target 'Auth' in project 'Supabase'
        ➜ Explicit dependency on target 'Auth' in project 'Supabase'
        ➜ Explicit dependency on target 'Helpers' in project 'Supabase'
        ➜ Explicit dependency on target 'ConcurrencyExtras' in project 'swift-concurrency-extras'
        ➜ Explicit dependency on target 'HTTPTypes' in project 'swift-http-types'
        ➜ Explicit dependency on target 'Clocks' in project 'swift-clocks'
        ➜ Explicit dependency on target 'XCTestDynamicOverlay' in project 'xctest-dynamic-overlay'
        ➜ Explicit dependency on target 'Crypto' in project 'swift-crypto'
    Target 'Supabase' in project 'Supabase'
        ➜ Explicit dependency on target 'Supabase' in project 'Supabase'
        ➜ Explicit dependency on target 'Functions' in project 'Supabase'
        ➜ Explicit dependency on target 'PostgREST' in project 'Supabase'
        ➜ Explicit dependency on target 'Auth' in project 'Supabase'
        ➜ Explicit dependency on target 'Realtime' in project 'Supabase'
        ➜ Explicit dependency on target 'Storage' in project 'Supabase'
        ➜ Explicit dependency on target 'Helpers' in project 'Supabase'
        ➜ Explicit dependency on target 'ConcurrencyExtras' in project 'swift-concurrency-extras'
        ➜ Explicit dependency on target 'HTTPTypes' in project 'swift-http-types'
        ➜ Explicit dependency on target 'Clocks' in project 'swift-clocks'
        ➜ Explicit dependency on target 'XCTestDynamicOverlay' in project 'xctest-dynamic-overlay'
        ➜ Explicit dependency on target 'Crypto' in project 'swift-crypto'
        ➜ Explicit dependency on target 'IssueReporting' in project 'xctest-dynamic-overlay'
    Target 'Supabase' in project 'Supabase'
        ➜ Explicit dependency on target 'Helpers' in project 'Supabase'
        ➜ Explicit dependency on target 'Auth' in project 'Supabase'
        ➜ Explicit dependency on target 'Functions' in project 'Supabase'
        ➜ Explicit dependency on target 'PostgREST' in project 'Supabase'
        ➜ Explicit dependency on target 'Realtime' in project 'Supabase'
        ➜ Explicit dependency on target 'Storage' in project 'Supabase'
        ➜ Explicit dependency on target 'ConcurrencyExtras' in project 'swift-concurrency-extras'
        ➜ Explicit dependency on target 'HTTPTypes' in project 'swift-http-types'
        ➜ Explicit dependency on target 'Clocks' in project 'swift-clocks'
        ➜ Explicit dependency on target 'XCTestDynamicOverlay' in project 'xctest-dynamic-overlay'
        ➜ Explicit dependency on target 'Crypto' in project 'swift-crypto'
        ➜ Explicit dependency on target 'IssueReporting' in project 'xctest-dynamic-overlay'
    Target 'Storage' in project 'Supabase'
        ➜ Explicit dependency on target 'Helpers' in project 'Supabase'
        ➜ Explicit dependency on target 'ConcurrencyExtras' in project 'swift-concurrency-extras'
        ➜ Explicit dependency on target 'HTTPTypes' in project 'swift-http-types'
        ➜ Explicit dependency on target 'Clocks' in project 'swift-clocks'
        ➜ Explicit dependency on target 'XCTestDynamicOverlay' in project 'xctest-dynamic-overlay'
    Target 'Realtime' in project 'Supabase'
        ➜ Explicit dependency on target 'Helpers' in project 'Supabase'
        ➜ Explicit dependency on target 'ConcurrencyExtras' in project 'swift-concurrency-extras'
        ➜ Explicit dependency on target 'HTTPTypes' in project 'swift-http-types'
        ➜ Explicit dependency on target 'Clocks' in project 'swift-clocks'
        ➜ Explicit dependency on target 'XCTestDynamicOverlay' in project 'xctest-dynamic-overlay'
        ➜ Explicit dependency on target 'IssueReporting' in project 'xctest-dynamic-overlay'
    Target 'Auth' in project 'Supabase'
        ➜ Explicit dependency on target 'Helpers' in project 'Supabase'
        ➜ Explicit dependency on target 'ConcurrencyExtras' in project 'swift-concurrency-extras'
        ➜ Explicit dependency on target 'HTTPTypes' in project 'swift-http-types'
        ➜ Explicit dependency on target 'Clocks' in project 'swift-clocks'
        ➜ Explicit dependency on target 'XCTestDynamicOverlay' in project 'xctest-dynamic-overlay'
        ➜ Explicit dependency on target 'Crypto' in project 'swift-crypto'
    Target 'Crypto' in project 'swift-crypto'
        ➜ Explicit dependency on target 'Crypto' in project 'swift-crypto'
        ➜ Explicit dependency on target 'swift-crypto_Crypto' in project 'swift-crypto'
    Target 'Crypto' in project 'swift-crypto'
        ➜ Explicit dependency on target 'swift-crypto_Crypto' in project 'swift-crypto'
    Target 'swift-crypto_Crypto' in project 'swift-crypto' (no dependencies)
    Target 'Functions' in project 'Supabase'
        ➜ Explicit dependency on target 'Functions' in project 'Supabase'
        ➜ Explicit dependency on target 'Helpers' in project 'Supabase'
        ➜ Explicit dependency on target 'ConcurrencyExtras' in project 'swift-concurrency-extras'
        ➜ Explicit dependency on target 'HTTPTypes' in project 'swift-http-types'
        ➜ Explicit dependency on target 'Clocks' in project 'swift-clocks'
        ➜ Explicit dependency on target 'XCTestDynamicOverlay' in project 'xctest-dynamic-overlay'
    Target 'Functions' in project 'Supabase'
        ➜ Explicit dependency on target 'Helpers' in project 'Supabase'
        ➜ Explicit dependency on target 'ConcurrencyExtras' in project 'swift-concurrency-extras'
        ➜ Explicit dependency on target 'HTTPTypes' in project 'swift-http-types'
        ➜ Explicit dependency on target 'Clocks' in project 'swift-clocks'
        ➜ Explicit dependency on target 'XCTestDynamicOverlay' in project 'xctest-dynamic-overlay'
    Target 'PostgREST' in project 'Supabase'
        ➜ Explicit dependency on target 'PostgREST' in project 'Supabase'
        ➜ Explicit dependency on target 'Helpers' in project 'Supabase'
        ➜ Explicit dependency on target 'ConcurrencyExtras' in project 'swift-concurrency-extras'
        ➜ Explicit dependency on target 'HTTPTypes' in project 'swift-http-types'
        ➜ Explicit dependency on target 'Clocks' in project 'swift-clocks'
        ➜ Explicit dependency on target 'XCTestDynamicOverlay' in project 'xctest-dynamic-overlay'
    Target 'PostgREST' in project 'Supabase'
        ➜ Explicit dependency on target 'Helpers' in project 'Supabase'
        ➜ Explicit dependency on target 'ConcurrencyExtras' in project 'swift-concurrency-extras'
        ➜ Explicit dependency on target 'HTTPTypes' in project 'swift-http-types'
        ➜ Explicit dependency on target 'Clocks' in project 'swift-clocks'
        ➜ Explicit dependency on target 'XCTestDynamicOverlay' in project 'xctest-dynamic-overlay'
    Target 'Helpers' in project 'Supabase'
        ➜ Explicit dependency on target 'ConcurrencyExtras' in project 'swift-concurrency-extras'
        ➜ Explicit dependency on target 'HTTPTypes' in project 'swift-http-types'
        ➜ Explicit dependency on target 'Clocks' in project 'swift-clocks'
        ➜ Explicit dependency on target 'XCTestDynamicOverlay' in project 'xctest-dynamic-overlay'
    Target 'XCTestDynamicOverlay' in project 'xctest-dynamic-overlay'
        ➜ Explicit dependency on target 'XCTestDynamicOverlay' in project 'xctest-dynamic-overlay'
        ➜ Explicit dependency on target 'IssueReportingPackageSupport' in project 'xctest-dynamic-overlay'
        ➜ Explicit dependency on target 'IssueReporting' in project 'xctest-dynamic-overlay'
    Target 'XCTestDynamicOverlay' in project 'xctest-dynamic-overlay'
        ➜ Explicit dependency on target 'IssueReportingPackageSupport' in project 'xctest-dynamic-overlay'
        ➜ Explicit dependency on target 'IssueReporting' in project 'xctest-dynamic-overlay'
    Target 'Clocks' in project 'swift-clocks'
        ➜ Explicit dependency on target 'Clocks' in project 'swift-clocks'
        ➜ Explicit dependency on target 'ConcurrencyExtras' in project 'swift-concurrency-extras'
        ➜ Explicit dependency on target 'IssueReporting' in project 'xctest-dynamic-overlay'
    Target 'Clocks' in project 'swift-clocks'
        ➜ Explicit dependency on target 'ConcurrencyExtras' in project 'swift-concurrency-extras'
        ➜ Explicit dependency on target 'IssueReporting' in project 'xctest-dynamic-overlay'
    Target 'IssueReporting' in project 'xctest-dynamic-overlay'
        ➜ Explicit dependency on target 'IssueReporting' in project 'xctest-dynamic-overlay'
        ➜ Explicit dependency on target 'IssueReportingPackageSupport' in project 'xctest-dynamic-overlay'
    Target 'IssueReporting' in project 'xctest-dynamic-overlay'
        ➜ Explicit dependency on target 'IssueReportingPackageSupport' in project 'xctest-dynamic-overlay'
    Target 'IssueReportingPackageSupport' in project 'xctest-dynamic-overlay' (no dependencies)
    Target 'HTTPTypes' in project 'swift-http-types'
        ➜ Explicit dependency on target 'HTTPTypes' in project 'swift-http-types'
    Target 'HTTPTypes' in project 'swift-http-types' (no dependencies)
    Target 'ConcurrencyExtras' in project 'swift-concurrency-extras'
        ➜ Explicit dependency on target 'ConcurrencyExtras' in project 'swift-concurrency-extras'
    Target 'ConcurrencyExtras' in project 'swift-concurrency-extras' (no dependencies)
    Target 'FirebaseAnalytics' in project 'Firebase'
        ➜ Explicit dependency on target 'FirebaseAnalyticsTarget' in project 'Firebase'
        ➜ Explicit dependency on target 'Firebase' in project 'Firebase'
        ➜ Explicit dependency on target 'FirebaseCoreInternal' in project 'Firebase'
        ➜ Explicit dependency on target 'FirebaseCore' in project 'Firebase'
        ➜ Explicit dependency on target 'FirebaseInstallations' in project 'Firebase'
        ➜ Explicit dependency on target 'FirebaseAnalyticsWrapper' in project 'Firebase'
        ➜ Explicit dependency on target 'GULNSData' in project 'GoogleUtilities'
        ➜ Explicit dependency on target 'GULEnvironment' in project 'GoogleUtilities'
        ➜ Explicit dependency on target 'GULLogger' in project 'GoogleUtilities'
        ➜ Explicit dependency on target 'FBLPromises' in project 'Promises'
        ➜ Explicit dependency on target 'GULUserDefaults' in project 'GoogleUtilities'
        ➜ Explicit dependency on target 'GoogleAppMeasurement' in project 'GoogleAppMeasurement'
        ➜ Explicit dependency on target 'GULAppDelegateSwizzler' in project 'GoogleUtilities'
        ➜ Explicit dependency on target 'GULMethodSwizzler' in project 'GoogleUtilities'
        ➜ Explicit dependency on target 'GULNetwork' in project 'GoogleUtilities'
        ➜ Explicit dependency on target 'nanopb' in project 'nanopb'
    Target 'FirebaseAnalyticsTarget' in project 'Firebase'
        ➜ Explicit dependency on target 'Firebase' in project 'Firebase'
        ➜ Explicit dependency on target 'FirebaseCoreInternal' in project 'Firebase'
        ➜ Explicit dependency on target 'FirebaseCore' in project 'Firebase'
        ➜ Explicit dependency on target 'FirebaseInstallations' in project 'Firebase'
        ➜ Explicit dependency on target 'FirebaseAnalyticsWrapper' in project 'Firebase'
        ➜ Explicit dependency on target 'GULNSData' in project 'GoogleUtilities'
        ➜ Explicit dependency on target 'GULEnvironment' in project 'GoogleUtilities'
        ➜ Explicit dependency on target 'GULLogger' in project 'GoogleUtilities'
        ➜ Explicit dependency on target 'FBLPromises' in project 'Promises'
        ➜ Explicit dependency on target 'GULUserDefaults' in project 'GoogleUtilities'
        ➜ Explicit dependency on target 'GoogleAppMeasurement' in project 'GoogleAppMeasurement'
        ➜ Explicit dependency on target 'GULAppDelegateSwizzler' in project 'GoogleUtilities'
        ➜ Explicit dependency on target 'GULMethodSwizzler' in project 'GoogleUtilities'
        ➜ Explicit dependency on target 'GULNetwork' in project 'GoogleUtilities'
        ➜ Explicit dependency on target 'nanopb' in project 'nanopb'
    Target 'FirebaseAnalyticsWrapper' in project 'Firebase'
        ➜ Explicit dependency on target 'Firebase' in project 'Firebase'
        ➜ Explicit dependency on target 'FirebaseCoreInternal' in project 'Firebase'
        ➜ Explicit dependency on target 'FirebaseCore' in project 'Firebase'
        ➜ Explicit dependency on target 'FirebaseInstallations' in project 'Firebase'
        ➜ Explicit dependency on target 'GULNSData' in project 'GoogleUtilities'
        ➜ Explicit dependency on target 'GULEnvironment' in project 'GoogleUtilities'
        ➜ Explicit dependency on target 'GULLogger' in project 'GoogleUtilities'
        ➜ Explicit dependency on target 'FBLPromises' in project 'Promises'
        ➜ Explicit dependency on target 'GULUserDefaults' in project 'GoogleUtilities'
        ➜ Explicit dependency on target 'GoogleAppMeasurement' in project 'GoogleAppMeasurement'
        ➜ Explicit dependency on target 'GULAppDelegateSwizzler' in project 'GoogleUtilities'
        ➜ Explicit dependency on target 'GULMethodSwizzler' in project 'GoogleUtilities'
        ➜ Explicit dependency on target 'GULNetwork' in project 'GoogleUtilities'
        ➜ Explicit dependency on target 'nanopb' in project 'nanopb'
    Target 'GoogleAppMeasurement' in project 'GoogleAppMeasurement'
        ➜ Explicit dependency on target 'GoogleAppMeasurementTarget' in project 'GoogleAppMeasurement'
        ➜ Explicit dependency on target 'GULAppDelegateSwizzler' in project 'GoogleUtilities'
        ➜ Explicit dependency on target 'GULMethodSwizzler' in project 'GoogleUtilities'
        ➜ Explicit dependency on target 'GULNSData' in project 'GoogleUtilities'
        ➜ Explicit dependency on target 'GULNetwork' in project 'GoogleUtilities'
        ➜ Explicit dependency on target 'GULLogger' in project 'GoogleUtilities'
        ➜ Explicit dependency on target 'GULEnvironment' in project 'GoogleUtilities'
        ➜ Explicit dependency on target 'nanopb' in project 'nanopb'
        ➜ Explicit dependency on target 'GoogleAdsOnDeviceConversion' in project 'GoogleAdsOnDeviceConversion'
    Target 'GoogleAppMeasurementTarget' in project 'GoogleAppMeasurement'
        ➜ Explicit dependency on target 'GULAppDelegateSwizzler' in project 'GoogleUtilities'
        ➜ Explicit dependency on target 'GULMethodSwizzler' in project 'GoogleUtilities'
        ➜ Explicit dependency on target 'GULNSData' in project 'GoogleUtilities'
        ➜ Explicit dependency on target 'GULNetwork' in project 'GoogleUtilities'
        ➜ Explicit dependency on target 'GULLogger' in project 'GoogleUtilities'
        ➜ Explicit dependency on target 'GULEnvironment' in project 'GoogleUtilities'
        ➜ Explicit dependency on target 'nanopb' in project 'nanopb'
        ➜ Explicit dependency on target 'GoogleAdsOnDeviceConversion' in project 'GoogleAdsOnDeviceConversion'
    Target 'GoogleAdsOnDeviceConversion' in project 'GoogleAdsOnDeviceConversion'
        ➜ Explicit dependency on target 'GoogleAdsOnDeviceConversionTarget' in project 'GoogleAdsOnDeviceConversion'
        ➜ Explicit dependency on target 'GULEnvironment' in project 'GoogleUtilities'
        ➜ Explicit dependency on target 'GULLogger' in project 'GoogleUtilities'
        ➜ Explicit dependency on target 'GULNetwork' in project 'GoogleUtilities'
        ➜ Explicit dependency on target 'nanopb' in project 'nanopb'
    Target 'GoogleAdsOnDeviceConversionTarget' in project 'GoogleAdsOnDeviceConversion'
        ➜ Explicit dependency on target 'GULEnvironment' in project 'GoogleUtilities'
        ➜ Explicit dependency on target 'GULLogger' in project 'GoogleUtilities'
        ➜ Explicit dependency on target 'GULNetwork' in project 'GoogleUtilities'
        ➜ Explicit dependency on target 'nanopb' in project 'nanopb'
    Target 'nanopb' in project 'nanopb'
        ➜ Explicit dependency on target 'nanopb' in project 'nanopb'
        ➜ Explicit dependency on target 'nanopb_nanopb' in project 'nanopb'
    Target 'nanopb' in project 'nanopb'
        ➜ Explicit dependency on target 'nanopb_nanopb' in project 'nanopb'
    Target 'nanopb_nanopb' in project 'nanopb' (no dependencies)
    Target 'GULNetwork' in project 'GoogleUtilities'
        ➜ Explicit dependency on target 'GoogleUtilities-Network' in project 'GoogleUtilities'
        ➜ Explicit dependency on target 'GoogleUtilities_GoogleUtilities-Network' in project 'GoogleUtilities'
        ➜ Explicit dependency on target 'third-party-IsAppEncrypted' in project 'GoogleUtilities'
        ➜ Explicit dependency on target 'GoogleUtilities-Environment' in project 'GoogleUtilities'
        ➜ Explicit dependency on target 'GoogleUtilities-Logger' in project 'GoogleUtilities'
        ➜ Explicit dependency on target 'GoogleUtilities-NSData' in project 'GoogleUtilities'
        ➜ Explicit dependency on target 'GoogleUtilities-Reachability' in project 'GoogleUtilities'
    Target 'GULMethodSwizzler' in project 'GoogleUtilities'
        ➜ Explicit dependency on target 'GoogleUtilities-MethodSwizzler' in project 'GoogleUtilities'
        ➜ Explicit dependency on target 'GoogleUtilities_GoogleUtilities-MethodSwizzler' in project 'GoogleUtilities'
        ➜ Explicit dependency on target 'third-party-IsAppEncrypted' in project 'GoogleUtilities'
        ➜ Explicit dependency on target 'GoogleUtilities-Environment' in project 'GoogleUtilities'
        ➜ Explicit dependency on target 'GoogleUtilities-Logger' in project 'GoogleUtilities'
    Target 'GoogleUtilities-MethodSwizzler' in project 'GoogleUtilities'
        ➜ Explicit dependency on target 'GoogleUtilities_GoogleUtilities-MethodSwizzler' in project 'GoogleUtilities'
        ➜ Explicit dependency on target 'third-party-IsAppEncrypted' in project 'GoogleUtilities'
        ➜ Explicit dependency on target 'GoogleUtilities-Environment' in project 'GoogleUtilities'
        ➜ Explicit dependency on target 'GoogleUtilities-Logger' in project 'GoogleUtilities'
    Target 'GoogleUtilities_GoogleUtilities-MethodSwizzler' in project 'GoogleUtilities' (no dependencies)
    Target 'GULAppDelegateSwizzler' in project 'GoogleUtilities'
        ➜ Explicit dependency on target 'GoogleUtilities-AppDelegateSwizzler' in project 'GoogleUtilities'
        ➜ Explicit dependency on target 'GoogleUtilities_GoogleUtilities-AppDelegateSwizzler' in project 'GoogleUtilities'
        ➜ Explicit dependency on target 'third-party-IsAppEncrypted' in project 'GoogleUtilities'
        ➜ Explicit dependency on target 'GoogleUtilities-Environment' in project 'GoogleUtilities'
        ➜ Explicit dependency on target 'GoogleUtilities-Logger' in project 'GoogleUtilities'
        ➜ Explicit dependency on target 'GoogleUtilities-NSData' in project 'GoogleUtilities'
        ➜ Explicit dependency on target 'GoogleUtilities-Reachability' in project 'GoogleUtilities'
        ➜ Explicit dependency on target 'GoogleUtilities-Network' in project 'GoogleUtilities'
    Target 'GoogleUtilities-AppDelegateSwizzler' in project 'GoogleUtilities'
        ➜ Explicit dependency on target 'GoogleUtilities_GoogleUtilities-AppDelegateSwizzler' in project 'GoogleUtilities'
        ➜ Explicit dependency on target 'third-party-IsAppEncrypted' in project 'GoogleUtilities'
        ➜ Explicit dependency on target 'GoogleUtilities-Environment' in project 'GoogleUtilities'
        ➜ Explicit dependency on target 'GoogleUtilities-Logger' in project 'GoogleUtilities'
        ➜ Explicit dependency on target 'GoogleUtilities-NSData' in project 'GoogleUtilities'
        ➜ Explicit dependency on target 'GoogleUtilities-Reachability' in project 'GoogleUtilities'
        ➜ Explicit dependency on target 'GoogleUtilities-Network' in project 'GoogleUtilities'
    Target 'GoogleUtilities-Network' in project 'GoogleUtilities'
        ➜ Explicit dependency on target 'GoogleUtilities_GoogleUtilities-Network' in project 'GoogleUtilities'
        ➜ Explicit dependency on target 'third-party-IsAppEncrypted' in project 'GoogleUtilities'
        ➜ Explicit dependency on target 'GoogleUtilities-Environment' in project 'GoogleUtilities'
        ➜ Explicit dependency on target 'GoogleUtilities-Logger' in project 'GoogleUtilities'
        ➜ Explicit dependency on target 'GoogleUtilities-NSData' in project 'GoogleUtilities'
        ➜ Explicit dependency on target 'GoogleUtilities-Reachability' in project 'GoogleUtilities'
    Target 'GoogleUtilities_GoogleUtilities-Network' in project 'GoogleUtilities' (no dependencies)
    Target 'GoogleUtilities-Reachability' in project 'GoogleUtilities'
        ➜ Explicit dependency on target 'GoogleUtilities_GoogleUtilities-Reachability' in project 'GoogleUtilities'
        ➜ Explicit dependency on target 'third-party-IsAppEncrypted' in project 'GoogleUtilities'
        ➜ Explicit dependency on target 'GoogleUtilities-Environment' in project 'GoogleUtilities'
        ➜ Explicit dependency on target 'GoogleUtilities-Logger' in project 'GoogleUtilities'
    Target 'GoogleUtilities_GoogleUtilities-Reachability' in project 'GoogleUtilities' (no dependencies)
    Target 'GoogleUtilities_GoogleUtilities-AppDelegateSwizzler' in project 'GoogleUtilities' (no dependencies)
    Target 'FirebaseInstallations' in project 'Firebase'
        ➜ Explicit dependency on target 'Firebase_FirebaseInstallations' in project 'Firebase'
        ➜ Explicit dependency on target 'Firebase' in project 'Firebase'
        ➜ Explicit dependency on target 'FirebaseCoreInternal' in project 'Firebase'
        ➜ Explicit dependency on target 'FirebaseCore' in project 'Firebase'
        ➜ Explicit dependency on target 'GULNSData' in project 'GoogleUtilities'
        ➜ Explicit dependency on target 'GULEnvironment' in project 'GoogleUtilities'
        ➜ Explicit dependency on target 'GULLogger' in project 'GoogleUtilities'
        ➜ Explicit dependency on target 'FBLPromises' in project 'Promises'
        ➜ Explicit dependency on target 'GULUserDefaults' in project 'GoogleUtilities'
    Target 'GULUserDefaults' in project 'GoogleUtilities'
        ➜ Explicit dependency on target 'GoogleUtilities-UserDefaults' in project 'GoogleUtilities'
        ➜ Explicit dependency on target 'GoogleUtilities_GoogleUtilities-UserDefaults' in project 'GoogleUtilities'
        ➜ Explicit dependency on target 'third-party-IsAppEncrypted' in project 'GoogleUtilities'
        ➜ Explicit dependency on target 'GoogleUtilities-Environment' in project 'GoogleUtilities'
        ➜ Explicit dependency on target 'GoogleUtilities-Logger' in project 'GoogleUtilities'
    Target 'GoogleUtilities-UserDefaults' in project 'GoogleUtilities'
        ➜ Explicit dependency on target 'GoogleUtilities_GoogleUtilities-UserDefaults' in project 'GoogleUtilities'
        ➜ Explicit dependency on target 'third-party-IsAppEncrypted' in project 'GoogleUtilities'
        ➜ Explicit dependency on target 'GoogleUtilities-Environment' in project 'GoogleUtilities'
        ➜ Explicit dependency on target 'GoogleUtilities-Logger' in project 'GoogleUtilities'
    Target 'GoogleUtilities_GoogleUtilities-UserDefaults' in project 'GoogleUtilities' (no dependencies)
    Target 'FBLPromises' in project 'Promises'
        ➜ Explicit dependency on target 'FBLPromises' in project 'Promises'
        ➜ Explicit dependency on target 'Promises_FBLPromises' in project 'Promises'
    Target 'FBLPromises' in project 'Promises'
        ➜ Explicit dependency on target 'Promises_FBLPromises' in project 'Promises'
    Target 'Promises_FBLPromises' in project 'Promises' (no dependencies)
    Target 'Firebase_FirebaseInstallations' in project 'Firebase' (no dependencies)
    Target 'FirebaseCore' in project 'Firebase'
        ➜ Explicit dependency on target 'Firebase_FirebaseCore' in project 'Firebase'
        ➜ Explicit dependency on target 'Firebase' in project 'Firebase'
        ➜ Explicit dependency on target 'FirebaseCoreInternal' in project 'Firebase'
        ➜ Explicit dependency on target 'GULNSData' in project 'GoogleUtilities'
        ➜ Explicit dependency on target 'GULEnvironment' in project 'GoogleUtilities'
        ➜ Explicit dependency on target 'GULLogger' in project 'GoogleUtilities'
    Target 'GULLogger' in project 'GoogleUtilities'
        ➜ Explicit dependency on target 'GoogleUtilities-Logger' in project 'GoogleUtilities'
        ➜ Explicit dependency on target 'GoogleUtilities_GoogleUtilities-Logger' in project 'GoogleUtilities'
        ➜ Explicit dependency on target 'third-party-IsAppEncrypted' in project 'GoogleUtilities'
        ➜ Explicit dependency on target 'GoogleUtilities-Environment' in project 'GoogleUtilities'
    Target 'GoogleUtilities-Logger' in project 'GoogleUtilities'
        ➜ Explicit dependency on target 'GoogleUtilities_GoogleUtilities-Logger' in project 'GoogleUtilities'
        ➜ Explicit dependency on target 'third-party-IsAppEncrypted' in project 'GoogleUtilities'
        ➜ Explicit dependency on target 'GoogleUtilities-Environment' in project 'GoogleUtilities'
    Target 'GoogleUtilities_GoogleUtilities-Logger' in project 'GoogleUtilities' (no dependencies)
    Target 'GULEnvironment' in project 'GoogleUtilities'
        ➜ Explicit dependency on target 'GoogleUtilities-Environment' in project 'GoogleUtilities'
        ➜ Explicit dependency on target 'GoogleUtilities_GoogleUtilities-Environment' in project 'GoogleUtilities'
        ➜ Explicit dependency on target 'third-party-IsAppEncrypted' in project 'GoogleUtilities'
    Target 'GoogleUtilities-Environment' in project 'GoogleUtilities'
        ➜ Explicit dependency on target 'GoogleUtilities_GoogleUtilities-Environment' in project 'GoogleUtilities'
        ➜ Explicit dependency on target 'third-party-IsAppEncrypted' in project 'GoogleUtilities'
    Target 'third-party-IsAppEncrypted' in project 'GoogleUtilities' (no dependencies)
    Target 'GoogleUtilities_GoogleUtilities-Environment' in project 'GoogleUtilities' (no dependencies)
    Target 'Firebase_FirebaseCore' in project 'Firebase' (no dependencies)
    Target 'FirebaseCoreInternal' in project 'Firebase'
        ➜ Explicit dependency on target 'Firebase_FirebaseCoreInternal' in project 'Firebase'
        ➜ Explicit dependency on target 'GULNSData' in project 'GoogleUtilities'
    Target 'GULNSData' in project 'GoogleUtilities'
        ➜ Explicit dependency on target 'GoogleUtilities-NSData' in project 'GoogleUtilities'
        ➜ Explicit dependency on target 'GoogleUtilities_GoogleUtilities-NSData' in project 'GoogleUtilities'
    Target 'GoogleUtilities-NSData' in project 'GoogleUtilities'
        ➜ Explicit dependency on target 'GoogleUtilities_GoogleUtilities-NSData' in project 'GoogleUtilities'
    Target 'GoogleUtilities_GoogleUtilities-NSData' in project 'GoogleUtilities' (no dependencies)
    Target 'Firebase_FirebaseCoreInternal' in project 'Firebase' (no dependencies)
    Target 'Firebase' in project 'Firebase' (no dependencies)

GatherProvisioningInputs

CreateBuildDescription

ExecuteExternalTool /Applications/Xcode.app/Contents/Developer/Toolchains/XcodeDefault.xctoolchain/usr/bin/clang -v -E -dM -arch arm64 -isysroot /Applications/Xcode.app/Contents/Developer/Platforms/iPhoneSimulator.platform/Developer/SDKs/iPhoneSimulator26.2.sdk -x objective-c -c /dev/null

ExecuteExternalTool /Applications/Xcode.app/Contents/Developer/Toolchains/XcodeDefault.xctoolchain/usr/bin/swiftc --version

ExecuteExternalTool /Applications/Xcode.app/Contents/Developer/Toolchains/XcodeDefault.xctoolchain/usr/bin/clang -v -E -dM -isysroot /Applications/Xcode.app/Contents/Developer/Platforms/iPhoneSimulator.platform/Developer/SDKs/iPhoneSimulator26.2.sdk -x c -c /dev/null

ExecuteExternalTool /Applications/Xcode.app/Contents/Developer/usr/bin/actool --print-asset-tag-combinations --output-format xml1 /Users/bcolf/Documents/naars-cars-ios/NaarsCars/NaarsCars/Assets.xcassets

ExecuteExternalTool /Applications/Xcode.app/Contents/Developer/usr/bin/actool --version --output-format xml1

ExecuteExternalTool /Applications/Xcode.app/Contents/Developer/usr/bin/xcstringstool compile --dry-run --output-directory /Users/bcolf/Library/Developer/Xcode/DerivedData/NaarsCars-ddjckbmdlvztnhbszwozufpfqrbp/Build/Intermediates.noindex/NaarsCars.build/Debug-iphonesimulator/NaarsCars.build /Users/bcolf/Documents/naars-cars-ios/NaarsCars/Resources/Localizable.xcstrings

ExecuteExternalTool /Applications/Xcode.app/Contents/Developer/Toolchains/XcodeDefault.xctoolchain/usr/bin/clang -v -E -dM -arch arm64 -isysroot /Applications/Xcode.app/Contents/Developer/Platforms/iPhoneSimulator.platform/Developer/SDKs/iPhoneSimulator26.2.sdk -x c -c /dev/null

ExecuteExternalTool /Applications/Xcode.app/Contents/Developer/Toolchains/XcodeDefault.xctoolchain/usr/bin/ld -version_details

ExecuteExternalTool /Applications/Xcode.app/Contents/Developer/Toolchains/XcodeDefault.xctoolchain/usr/bin/clang -v -E -dM -arch arm64 -isysroot /Applications/Xcode.app/Contents/Developer/Platforms/iPhoneSimulator.platform/Developer/SDKs/iPhoneSimulator26.2.sdk -x objective-c++ -c /dev/null

ReadFileContents /Applications/Xcode.app/Contents/Developer/Toolchains/XcodeDefault.xctoolchain/usr/share/docc/features.json

ExecuteExternalTool /Applications/Xcode.app/Contents/Developer/Toolchains/XcodeDefault.xctoolchain/usr/bin/clang -v -E -dM -arch x86_64 -isysroot /Applications/Xcode.app/Contents/Developer/Platforms/iPhoneSimulator.platform/Developer/SDKs/iPhoneSimulator26.2.sdk -x objective-c -c /dev/null

ExecuteExternalTool /Applications/Xcode.app/Contents/Developer/Toolchains/XcodeDefault.xctoolchain/usr/bin/clang -v -E -dM -arch x86_64 -isysroot /Applications/Xcode.app/Contents/Developer/Platforms/iPhoneSimulator.platform/Developer/SDKs/iPhoneSimulator26.2.sdk -x c -c /dev/null

ExecuteExternalTool /Applications/Xcode.app/Contents/Developer/Toolchains/XcodeDefault.xctoolchain/usr/bin/clang -v -E -dM -arch x86_64 -isysroot /Applications/Xcode.app/Contents/Developer/Platforms/iPhoneSimulator.platform/Developer/SDKs/iPhoneSimulator26.2.sdk -x objective-c++ -c /dev/null

Build description signature: 22410c754ab7ea962f903abfc11400f0
Build description path: /Users/bcolf/Library/Developer/Xcode/DerivedData/NaarsCars-ddjckbmdlvztnhbszwozufpfqrbp/Build/Intermediates.noindex/XCBuildData/22410c754ab7ea962f903abfc11400f0.xcbuilddata
ClangStatCache /Applications/Xcode.app/Contents/Developer/Toolchains/XcodeDefault.xctoolchain/usr/bin/clang-stat-cache /Applications/Xcode.app/Contents/Developer/Platforms/iPhoneSimulator.platform/Developer/SDKs/iPhoneSimulator26.2.sdk /Users/bcolf/Library/Developer/Xcode/DerivedData/SDKStatCaches.noindex/iphonesimulator26.2-23C53-7d00a8b37fbd7999ea79df8ebc024bf0.sdkstatcache
    cd /Users/bcolf/Documents/naars-cars-ios/NaarsCars/NaarsCars.xcodeproj
    /Applications/Xcode.app/Contents/Developer/Toolchains/XcodeDefault.xctoolchain/usr/bin/clang-stat-cache /Applications/Xcode.app/Contents/Developer/Platforms/iPhoneSimulator.platform/Developer/SDKs/iPhoneSimulator26.2.sdk -o /Users/bcolf/Library/Developer/Xcode/DerivedData/SDKStatCaches.noindex/iphonesimulator26.2-23C53-7d00a8b37fbd7999ea79df8ebc024bf0.sdkstatcache

ProcessInfoPlistFile /Users/bcolf/Library/Developer/Xcode/DerivedData/NaarsCars-ddjckbmdlvztnhbszwozufpfqrbp/Build/Products/Debug-iphonesimulator/Firebase_FirebaseCoreInternal.bundle/Info.plist /Users/bcolf/Library/Developer/Xcode/DerivedData/NaarsCars-ddjckbmdlvztnhbszwozufpfqrbp/Build/Intermediates.noindex/Firebase.build/Debug-iphonesimulator/Firebase_FirebaseCoreInternal.build/empty-Firebase_FirebaseCoreInternal.plist (in target 'Firebase_FirebaseCoreInternal' from project 'Firebase')
    cd /Users/bcolf/Library/Developer/Xcode/DerivedData/NaarsCars-ddjckbmdlvztnhbszwozufpfqrbp/SourcePackages/checkouts/firebase-ios-sdk
    builtin-infoPlistUtility /Users/bcolf/Library/Developer/Xcode/DerivedData/NaarsCars-ddjckbmdlvztnhbszwozufpfqrbp/Build/Intermediates.noindex/Firebase.build/Debug-iphonesimulator/Firebase_FirebaseCoreInternal.build/empty-Firebase_FirebaseCoreInternal.plist -producttype com.apple.product-type.bundle -expandbuildsettings -format binary -platform iphonesimulator -o /Users/bcolf/Library/Developer/Xcode/DerivedData/NaarsCars-ddjckbmdlvztnhbszwozufpfqrbp/Build/Products/Debug-iphonesimulator/Firebase_FirebaseCoreInternal.bundle/Info.plist

ProcessInfoPlistFile /Users/bcolf/Library/Developer/Xcode/DerivedData/NaarsCars-ddjckbmdlvztnhbszwozufpfqrbp/Build/Products/Debug-iphonesimulator/GoogleUtilities_GoogleUtilities-NSData.bundle/Info.plist /Users/bcolf/Library/Developer/Xcode/DerivedData/NaarsCars-ddjckbmdlvztnhbszwozufpfqrbp/Build/Intermediates.noindex/GoogleUtilities.build/Debug-iphonesimulator/GoogleUtilities_GoogleUtilities-NSData.build/empty-GoogleUtilities_GoogleUtilities-NSData.plist (in target 'GoogleUtilities_GoogleUtilities-NSData' from project 'GoogleUtilities')
    cd /Users/bcolf/Library/Developer/Xcode/DerivedData/NaarsCars-ddjckbmdlvztnhbszwozufpfqrbp/SourcePackages/checkouts/GoogleUtilities
    builtin-infoPlistUtility /Users/bcolf/Library/Developer/Xcode/DerivedData/NaarsCars-ddjckbmdlvztnhbszwozufpfqrbp/Build/Intermediates.noindex/GoogleUtilities.build/Debug-iphonesimulator/GoogleUtilities_GoogleUtilities-NSData.build/empty-GoogleUtilities_GoogleUtilities-NSData.plist -producttype com.apple.product-type.bundle -expandbuildsettings -format binary -platform iphonesimulator -o /Users/bcolf/Library/Developer/Xcode/DerivedData/NaarsCars-ddjckbmdlvztnhbszwozufpfqrbp/Build/Products/Debug-iphonesimulator/GoogleUtilities_GoogleUtilities-NSData.bundle/Info.plist

ProcessInfoPlistFile /Users/bcolf/Library/Developer/Xcode/DerivedData/NaarsCars-ddjckbmdlvztnhbszwozufpfqrbp/Build/Products/Debug-iphonesimulator/Firebase_FirebaseCrashlyticsSwift.bundle/Info.plist /Users/bcolf/Library/Developer/Xcode/DerivedData/NaarsCars-ddjckbmdlvztnhbszwozufpfqrbp/Build/Intermediates.noindex/Firebase.build/Debug-iphonesimulator/Firebase_FirebaseCrashlyticsSwift.build/empty-Firebase_FirebaseCrashlyticsSwift.plist (in target 'Firebase_FirebaseCrashlyticsSwift' from project 'Firebase')
    cd /Users/bcolf/Library/Developer/Xcode/DerivedData/NaarsCars-ddjckbmdlvztnhbszwozufpfqrbp/SourcePackages/checkouts/firebase-ios-sdk
    builtin-infoPlistUtility /Users/bcolf/Library/Developer/Xcode/DerivedData/NaarsCars-ddjckbmdlvztnhbszwozufpfqrbp/Build/Intermediates.noindex/Firebase.build/Debug-iphonesimulator/Firebase_FirebaseCrashlyticsSwift.build/empty-Firebase_FirebaseCrashlyticsSwift.plist -producttype com.apple.product-type.bundle -expandbuildsettings -format binary -platform iphonesimulator -o /Users/bcolf/Library/Developer/Xcode/DerivedData/NaarsCars-ddjckbmdlvztnhbszwozufpfqrbp/Build/Products/Debug-iphonesimulator/Firebase_FirebaseCrashlyticsSwift.bundle/Info.plist

ProcessInfoPlistFile /Users/bcolf/Library/Developer/Xcode/DerivedData/NaarsCars-ddjckbmdlvztnhbszwozufpfqrbp/Build/Products/Debug-iphonesimulator/Firebase_FirebaseCore.bundle/Info.plist /Users/bcolf/Library/Developer/Xcode/DerivedData/NaarsCars-ddjckbmdlvztnhbszwozufpfqrbp/Build/Intermediates.noindex/Firebase.build/Debug-iphonesimulator/Firebase_FirebaseCore.build/empty-Firebase_FirebaseCore.plist (in target 'Firebase_FirebaseCore' from project 'Firebase')
    cd /Users/bcolf/Library/Developer/Xcode/DerivedData/NaarsCars-ddjckbmdlvztnhbszwozufpfqrbp/SourcePackages/checkouts/firebase-ios-sdk
    builtin-infoPlistUtility /Users/bcolf/Library/Developer/Xcode/DerivedData/NaarsCars-ddjckbmdlvztnhbszwozufpfqrbp/Build/Intermediates.noindex/Firebase.build/Debug-iphonesimulator/Firebase_FirebaseCore.build/empty-Firebase_FirebaseCore.plist -producttype com.apple.product-type.bundle -expandbuildsettings -format binary -platform iphonesimulator -o /Users/bcolf/Library/Developer/Xcode/DerivedData/NaarsCars-ddjckbmdlvztnhbszwozufpfqrbp/Build/Products/Debug-iphonesimulator/Firebase_FirebaseCore.bundle/Info.plist

ProcessInfoPlistFile /Users/bcolf/Library/Developer/Xcode/DerivedData/NaarsCars-ddjckbmdlvztnhbszwozufpfqrbp/Build/Products/Debug-iphonesimulator/GoogleUtilities_GoogleUtilities-Environment.bundle/Info.plist /Users/bcolf/Library/Developer/Xcode/DerivedData/NaarsCars-ddjckbmdlvztnhbszwozufpfqrbp/Build/Intermediates.noindex/GoogleUtilities.build/Debug-iphonesimulator/GoogleUtilities_GoogleUtilities-Environment.build/empty-GoogleUtilities_GoogleUtilities-Environment.plist (in target 'GoogleUtilities_GoogleUtilities-Environment' from project 'GoogleUtilities')
    cd /Users/bcolf/Library/Developer/Xcode/DerivedData/NaarsCars-ddjckbmdlvztnhbszwozufpfqrbp/SourcePackages/checkouts/GoogleUtilities
    builtin-infoPlistUtility /Users/bcolf/Library/Developer/Xcode/DerivedData/NaarsCars-ddjckbmdlvztnhbszwozufpfqrbp/Build/Intermediates.noindex/GoogleUtilities.build/Debug-iphonesimulator/GoogleUtilities_GoogleUtilities-Environment.build/empty-GoogleUtilities_GoogleUtilities-Environment.plist -producttype com.apple.product-type.bundle -expandbuildsettings -format binary -platform iphonesimulator -o /Users/bcolf/Library/Developer/Xcode/DerivedData/NaarsCars-ddjckbmdlvztnhbszwozufpfqrbp/Build/Products/Debug-iphonesimulator/GoogleUtilities_GoogleUtilities-Environment.bundle/Info.plist

ProcessInfoPlistFile /Users/bcolf/Library/Developer/Xcode/DerivedData/NaarsCars-ddjckbmdlvztnhbszwozufpfqrbp/Build/Products/Debug-iphonesimulator/GoogleUtilities_GoogleUtilities-Logger.bundle/Info.plist /Users/bcolf/Library/Developer/Xcode/DerivedData/NaarsCars-ddjckbmdlvztnhbszwozufpfqrbp/Build/Intermediates.noindex/GoogleUtilities.build/Debug-iphonesimulator/GoogleUtilities_GoogleUtilities-Logger.build/empty-GoogleUtilities_GoogleUtilities-Logger.plist (in target 'GoogleUtilities_GoogleUtilities-Logger' from project 'GoogleUtilities')
    cd /Users/bcolf/Library/Developer/Xcode/DerivedData/NaarsCars-ddjckbmdlvztnhbszwozufpfqrbp/SourcePackages/checkouts/GoogleUtilities
    builtin-infoPlistUtility /Users/bcolf/Library/Developer/Xcode/DerivedData/NaarsCars-ddjckbmdlvztnhbszwozufpfqrbp/Build/Intermediates.noindex/GoogleUtilities.build/Debug-iphonesimulator/GoogleUtilities_GoogleUtilities-Logger.build/empty-GoogleUtilities_GoogleUtilities-Logger.plist -producttype com.apple.product-type.bundle -expandbuildsettings -format binary -platform iphonesimulator -o /Users/bcolf/Library/Developer/Xcode/DerivedData/NaarsCars-ddjckbmdlvztnhbszwozufpfqrbp/Build/Products/Debug-iphonesimulator/GoogleUtilities_GoogleUtilities-Logger.bundle/Info.plist

ProcessInfoPlistFile /Users/bcolf/Library/Developer/Xcode/DerivedData/NaarsCars-ddjckbmdlvztnhbszwozufpfqrbp/Build/Products/Debug-iphonesimulator/Firebase_FirebaseInstallations.bundle/Info.plist /Users/bcolf/Library/Developer/Xcode/DerivedData/NaarsCars-ddjckbmdlvztnhbszwozufpfqrbp/Build/Intermediates.noindex/Firebase.build/Debug-iphonesimulator/Firebase_FirebaseInstallations.build/empty-Firebase_FirebaseInstallations.plist (in target 'Firebase_FirebaseInstallations' from project 'Firebase')
    cd /Users/bcolf/Library/Developer/Xcode/DerivedData/NaarsCars-ddjckbmdlvztnhbszwozufpfqrbp/SourcePackages/checkouts/firebase-ios-sdk
    builtin-infoPlistUtility /Users/bcolf/Library/Developer/Xcode/DerivedData/NaarsCars-ddjckbmdlvztnhbszwozufpfqrbp/Build/Intermediates.noindex/Firebase.build/Debug-iphonesimulator/Firebase_FirebaseInstallations.build/empty-Firebase_FirebaseInstallations.plist -producttype com.apple.product-type.bundle -expandbuildsettings -format binary -platform iphonesimulator -o /Users/bcolf/Library/Developer/Xcode/DerivedData/NaarsCars-ddjckbmdlvztnhbszwozufpfqrbp/Build/Products/Debug-iphonesimulator/Firebase_FirebaseInstallations.bundle/Info.plist

ProcessInfoPlistFile /Users/bcolf/Library/Developer/Xcode/DerivedData/NaarsCars-ddjckbmdlvztnhbszwozufpfqrbp/Build/Products/Debug-iphonesimulator/Promises_FBLPromises.bundle/Info.plist /Users/bcolf/Library/Developer/Xcode/DerivedData/NaarsCars-ddjckbmdlvztnhbszwozufpfqrbp/Build/Intermediates.noindex/Promises.build/Debug-iphonesimulator/Promises_FBLPromises.build/empty-Promises_FBLPromises.plist (in target 'Promises_FBLPromises' from project 'Promises')
    cd /Users/bcolf/Library/Developer/Xcode/DerivedData/NaarsCars-ddjckbmdlvztnhbszwozufpfqrbp/SourcePackages/checkouts/promises
    builtin-infoPlistUtility /Users/bcolf/Library/Developer/Xcode/DerivedData/NaarsCars-ddjckbmdlvztnhbszwozufpfqrbp/Build/Intermediates.noindex/Promises.build/Debug-iphonesimulator/Promises_FBLPromises.build/empty-Promises_FBLPromises.plist -producttype com.apple.product-type.bundle -expandbuildsettings -format binary -platform iphonesimulator -o /Users/bcolf/Library/Developer/Xcode/DerivedData/NaarsCars-ddjckbmdlvztnhbszwozufpfqrbp/Build/Products/Debug-iphonesimulator/Promises_FBLPromises.bundle/Info.plist

ProcessInfoPlistFile /Users/bcolf/Library/Developer/Xcode/DerivedData/NaarsCars-ddjckbmdlvztnhbszwozufpfqrbp/Build/Products/Debug-iphonesimulator/GoogleUtilities_GoogleUtilities-UserDefaults.bundle/Info.plist /Users/bcolf/Library/Developer/Xcode/DerivedData/NaarsCars-ddjckbmdlvztnhbszwozufpfqrbp/Build/Intermediates.noindex/GoogleUtilities.build/Debug-iphonesimulator/GoogleUtilities_GoogleUtilities-UserDefaults.build/empty-GoogleUtilities_GoogleUtilities-UserDefaults.plist (in target 'GoogleUtilities_GoogleUtilities-UserDefaults' from project 'GoogleUtilities')
    cd /Users/bcolf/Library/Developer/Xcode/DerivedData/NaarsCars-ddjckbmdlvztnhbszwozufpfqrbp/SourcePackages/checkouts/GoogleUtilities
    builtin-infoPlistUtility /Users/bcolf/Library/Developer/Xcode/DerivedData/NaarsCars-ddjckbmdlvztnhbszwozufpfqrbp/Build/Intermediates.noindex/GoogleUtilities.build/Debug-iphonesimulator/GoogleUtilities_GoogleUtilities-UserDefaults.build/empty-GoogleUtilities_GoogleUtilities-UserDefaults.plist -producttype com.apple.product-type.bundle -expandbuildsettings -format binary -platform iphonesimulator -o /Users/bcolf/Library/Developer/Xcode/DerivedData/NaarsCars-ddjckbmdlvztnhbszwozufpfqrbp/Build/Products/Debug-iphonesimulator/GoogleUtilities_GoogleUtilities-UserDefaults.bundle/Info.plist

ProcessInfoPlistFile /Users/bcolf/Library/Developer/Xcode/DerivedData/NaarsCars-ddjckbmdlvztnhbszwozufpfqrbp/Build/Products/Debug-iphonesimulator/Firebase_FirebaseCoreExtension.bundle/Info.plist /Users/bcolf/Library/Developer/Xcode/DerivedData/NaarsCars-ddjckbmdlvztnhbszwozufpfqrbp/Build/Intermediates.noindex/Firebase.build/Debug-iphonesimulator/Firebase_FirebaseCoreExtension.build/empty-Firebase_FirebaseCoreExtension.plist (in target 'Firebase_FirebaseCoreExtension' from project 'Firebase')
    cd /Users/bcolf/Library/Developer/Xcode/DerivedData/NaarsCars-ddjckbmdlvztnhbszwozufpfqrbp/SourcePackages/checkouts/firebase-ios-sdk
    builtin-infoPlistUtility /Users/bcolf/Library/Developer/Xcode/DerivedData/NaarsCars-ddjckbmdlvztnhbszwozufpfqrbp/Build/Intermediates.noindex/Firebase.build/Debug-iphonesimulator/Firebase_FirebaseCoreExtension.build/empty-Firebase_FirebaseCoreExtension.plist -producttype com.apple.product-type.bundle -expandbuildsettings -format binary -platform iphonesimulator -o /Users/bcolf/Library/Developer/Xcode/DerivedData/NaarsCars-ddjckbmdlvztnhbszwozufpfqrbp/Build/Products/Debug-iphonesimulator/Firebase_FirebaseCoreExtension.bundle/Info.plist

ProcessInfoPlistFile /Users/bcolf/Library/Developer/Xcode/DerivedData/NaarsCars-ddjckbmdlvztnhbszwozufpfqrbp/Build/Products/Debug-iphonesimulator/nanopb_nanopb.bundle/Info.plist /Users/bcolf/Library/Developer/Xcode/DerivedData/NaarsCars-ddjckbmdlvztnhbszwozufpfqrbp/Build/Intermediates.noindex/nanopb.build/Debug-iphonesimulator/nanopb_nanopb.build/empty-nanopb_nanopb.plist (in target 'nanopb_nanopb' from project 'nanopb')
    cd /Users/bcolf/Library/Developer/Xcode/DerivedData/NaarsCars-ddjckbmdlvztnhbszwozufpfqrbp/SourcePackages/checkouts/nanopb
    builtin-infoPlistUtility /Users/bcolf/Library/Developer/Xcode/DerivedData/NaarsCars-ddjckbmdlvztnhbszwozufpfqrbp/Build/Intermediates.noindex/nanopb.build/Debug-iphonesimulator/nanopb_nanopb.build/empty-nanopb_nanopb.plist -producttype com.apple.product-type.bundle -expandbuildsettings -format binary -platform iphonesimulator -o /Users/bcolf/Library/Developer/Xcode/DerivedData/NaarsCars-ddjckbmdlvztnhbszwozufpfqrbp/Build/Products/Debug-iphonesimulator/nanopb_nanopb.bundle/Info.plist

ProcessInfoPlistFile /Users/bcolf/Library/Developer/Xcode/DerivedData/NaarsCars-ddjckbmdlvztnhbszwozufpfqrbp/Build/Products/Debug-iphonesimulator/Promises_Promises.bundle/Info.plist /Users/bcolf/Library/Developer/Xcode/DerivedData/NaarsCars-ddjckbmdlvztnhbszwozufpfqrbp/Build/Intermediates.noindex/Promises.build/Debug-iphonesimulator/Promises_Promises.build/empty-Promises_Promises.plist (in target 'Promises_Promises' from project 'Promises')
    cd /Users/bcolf/Library/Developer/Xcode/DerivedData/NaarsCars-ddjckbmdlvztnhbszwozufpfqrbp/SourcePackages/checkouts/promises
    builtin-infoPlistUtility /Users/bcolf/Library/Developer/Xcode/DerivedData/NaarsCars-ddjckbmdlvztnhbszwozufpfqrbp/Build/Intermediates.noindex/Promises.build/Debug-iphonesimulator/Promises_Promises.build/empty-Promises_Promises.plist -producttype com.apple.product-type.bundle -expandbuildsettings -format binary -platform iphonesimulator -o /Users/bcolf/Library/Developer/Xcode/DerivedData/NaarsCars-ddjckbmdlvztnhbszwozufpfqrbp/Build/Products/Debug-iphonesimulator/Promises_Promises.bundle/Info.plist

ProcessInfoPlistFile /Users/bcolf/Library/Developer/Xcode/DerivedData/NaarsCars-ddjckbmdlvztnhbszwozufpfqrbp/Build/Products/Debug-iphonesimulator/GoogleDataTransport_GoogleDataTransport.bundle/Info.plist /Users/bcolf/Library/Developer/Xcode/DerivedData/NaarsCars-ddjckbmdlvztnhbszwozufpfqrbp/Build/Intermediates.noindex/GoogleDataTransport.build/Debug-iphonesimulator/GoogleDataTransport_GoogleDataTransport.build/empty-GoogleDataTransport_GoogleDataTransport.plist (in target 'GoogleDataTransport_GoogleDataTransport' from project 'GoogleDataTransport')
    cd /Users/bcolf/Library/Developer/Xcode/DerivedData/NaarsCars-ddjckbmdlvztnhbszwozufpfqrbp/SourcePackages/checkouts/GoogleDataTransport
    builtin-infoPlistUtility /Users/bcolf/Library/Developer/Xcode/DerivedData/NaarsCars-ddjckbmdlvztnhbszwozufpfqrbp/Build/Intermediates.noindex/GoogleDataTransport.build/Debug-iphonesimulator/GoogleDataTransport_GoogleDataTransport.build/empty-GoogleDataTransport_GoogleDataTransport.plist -producttype com.apple.product-type.bundle -expandbuildsettings -format binary -platform iphonesimulator -o /Users/bcolf/Library/Developer/Xcode/DerivedData/NaarsCars-ddjckbmdlvztnhbszwozufpfqrbp/Build/Products/Debug-iphonesimulator/GoogleDataTransport_GoogleDataTransport.bundle/Info.plist

ProcessInfoPlistFile /Users/bcolf/Library/Developer/Xcode/DerivedData/NaarsCars-ddjckbmdlvztnhbszwozufpfqrbp/Build/Products/Debug-iphonesimulator/GoogleUtilities_GoogleUtilities-Network.bundle/Info.plist /Users/bcolf/Library/Developer/Xcode/DerivedData/NaarsCars-ddjckbmdlvztnhbszwozufpfqrbp/Build/Intermediates.noindex/GoogleUtilities.build/Debug-iphonesimulator/GoogleUtilities_GoogleUtilities-Network.build/empty-GoogleUtilities_GoogleUtilities-Network.plist (in target 'GoogleUtilities_GoogleUtilities-Network' from project 'GoogleUtilities')
    cd /Users/bcolf/Library/Developer/Xcode/DerivedData/NaarsCars-ddjckbmdlvztnhbszwozufpfqrbp/SourcePackages/checkouts/GoogleUtilities
    builtin-infoPlistUtility /Users/bcolf/Library/Developer/Xcode/DerivedData/NaarsCars-ddjckbmdlvztnhbszwozufpfqrbp/Build/Intermediates.noindex/GoogleUtilities.build/Debug-iphonesimulator/GoogleUtilities_GoogleUtilities-Network.build/empty-GoogleUtilities_GoogleUtilities-Network.plist -producttype com.apple.product-type.bundle -expandbuildsettings -format binary -platform iphonesimulator -o /Users/bcolf/Library/Developer/Xcode/DerivedData/NaarsCars-ddjckbmdlvztnhbszwozufpfqrbp/Build/Products/Debug-iphonesimulator/GoogleUtilities_GoogleUtilities-Network.bundle/Info.plist

ProcessInfoPlistFile /Users/bcolf/Library/Developer/Xcode/DerivedData/NaarsCars-ddjckbmdlvztnhbszwozufpfqrbp/Build/Products/Debug-iphonesimulator/GoogleUtilities_GoogleUtilities-MethodSwizzler.bundle/Info.plist /Users/bcolf/Library/Developer/Xcode/DerivedData/NaarsCars-ddjckbmdlvztnhbszwozufpfqrbp/Build/Intermediates.noindex/GoogleUtilities.build/Debug-iphonesimulator/GoogleUtilities_GoogleUtilities-MethodSwizzler.build/empty-GoogleUtilities_GoogleUtilities-MethodSwizzler.plist (in target 'GoogleUtilities_GoogleUtilities-MethodSwizzler' from project 'GoogleUtilities')
    cd /Users/bcolf/Library/Developer/Xcode/DerivedData/NaarsCars-ddjckbmdlvztnhbszwozufpfqrbp/SourcePackages/checkouts/GoogleUtilities
    builtin-infoPlistUtility /Users/bcolf/Library/Developer/Xcode/DerivedData/NaarsCars-ddjckbmdlvztnhbszwozufpfqrbp/Build/Intermediates.noindex/GoogleUtilities.build/Debug-iphonesimulator/GoogleUtilities_GoogleUtilities-MethodSwizzler.build/empty-GoogleUtilities_GoogleUtilities-MethodSwizzler.plist -producttype com.apple.product-type.bundle -expandbuildsettings -format binary -platform iphonesimulator -o /Users/bcolf/Library/Developer/Xcode/DerivedData/NaarsCars-ddjckbmdlvztnhbszwozufpfqrbp/Build/Products/Debug-iphonesimulator/GoogleUtilities_GoogleUtilities-MethodSwizzler.bundle/Info.plist

ProcessInfoPlistFile /Users/bcolf/Library/Developer/Xcode/DerivedData/NaarsCars-ddjckbmdlvztnhbszwozufpfqrbp/Build/Products/Debug-iphonesimulator/GoogleUtilities_GoogleUtilities-AppDelegateSwizzler.bundle/Info.plist /Users/bcolf/Library/Developer/Xcode/DerivedData/NaarsCars-ddjckbmdlvztnhbszwozufpfqrbp/Build/Intermediates.noindex/GoogleUtilities.build/Debug-iphonesimulator/GoogleUtilities_GoogleUtilities-AppDelegateSwizzler.build/empty-GoogleUtilities_GoogleUtilities-AppDelegateSwizzler.plist (in target 'GoogleUtilities_GoogleUtilities-AppDelegateSwizzler' from project 'GoogleUtilities')
    cd /Users/bcolf/Library/Developer/Xcode/DerivedData/NaarsCars-ddjckbmdlvztnhbszwozufpfqrbp/SourcePackages/checkouts/GoogleUtilities
    builtin-infoPlistUtility /Users/bcolf/Library/Developer/Xcode/DerivedData/NaarsCars-ddjckbmdlvztnhbszwozufpfqrbp/Build/Intermediates.noindex/GoogleUtilities.build/Debug-iphonesimulator/GoogleUtilities_GoogleUtilities-AppDelegateSwizzler.build/empty-GoogleUtilities_GoogleUtilities-AppDelegateSwizzler.plist -producttype com.apple.product-type.bundle -expandbuildsettings -format binary -platform iphonesimulator -o /Users/bcolf/Library/Developer/Xcode/DerivedData/NaarsCars-ddjckbmdlvztnhbszwozufpfqrbp/Build/Products/Debug-iphonesimulator/GoogleUtilities_GoogleUtilities-AppDelegateSwizzler.bundle/Info.plist

ProcessInfoPlistFile /Users/bcolf/Library/Developer/Xcode/DerivedData/NaarsCars-ddjckbmdlvztnhbszwozufpfqrbp/Build/Products/Debug-iphonesimulator/GoogleUtilities_GoogleUtilities-Reachability.bundle/Info.plist /Users/bcolf/Library/Developer/Xcode/DerivedData/NaarsCars-ddjckbmdlvztnhbszwozufpfqrbp/Build/Intermediates.noindex/GoogleUtilities.build/Debug-iphonesimulator/GoogleUtilities_GoogleUtilities-Reachability.build/empty-GoogleUtilities_GoogleUtilities-Reachability.plist (in target 'GoogleUtilities_GoogleUtilities-Reachability' from project 'GoogleUtilities')
    cd /Users/bcolf/Library/Developer/Xcode/DerivedData/NaarsCars-ddjckbmdlvztnhbszwozufpfqrbp/SourcePackages/checkouts/GoogleUtilities
    builtin-infoPlistUtility /Users/bcolf/Library/Developer/Xcode/DerivedData/NaarsCars-ddjckbmdlvztnhbszwozufpfqrbp/Build/Intermediates.noindex/GoogleUtilities.build/Debug-iphonesimulator/GoogleUtilities_GoogleUtilities-Reachability.build/empty-GoogleUtilities_GoogleUtilities-Reachability.plist -producttype com.apple.product-type.bundle -expandbuildsettings -format binary -platform iphonesimulator -o /Users/bcolf/Library/Developer/Xcode/DerivedData/NaarsCars-ddjckbmdlvztnhbszwozufpfqrbp/Build/Products/Debug-iphonesimulator/GoogleUtilities_GoogleUtilities-Reachability.bundle/Info.plist

ProcessInfoPlistFile /Users/bcolf/Library/Developer/Xcode/DerivedData/NaarsCars-ddjckbmdlvztnhbszwozufpfqrbp/Build/Products/Debug-iphonesimulator/swift-crypto_Crypto.bundle/Info.plist /Users/bcolf/Library/Developer/Xcode/DerivedData/NaarsCars-ddjckbmdlvztnhbszwozufpfqrbp/Build/Intermediates.noindex/swift-crypto.build/Debug-iphonesimulator/swift-crypto_Crypto.build/empty-swift-crypto_Crypto.plist (in target 'swift-crypto_Crypto' from project 'swift-crypto')
    cd /Users/bcolf/Library/Developer/Xcode/DerivedData/NaarsCars-ddjckbmdlvztnhbszwozufpfqrbp/SourcePackages/checkouts/swift-crypto
    builtin-infoPlistUtility /Users/bcolf/Library/Developer/Xcode/DerivedData/NaarsCars-ddjckbmdlvztnhbszwozufpfqrbp/Build/Intermediates.noindex/swift-crypto.build/Debug-iphonesimulator/swift-crypto_Crypto.build/empty-swift-crypto_Crypto.plist -producttype com.apple.product-type.bundle -expandbuildsettings -format binary -platform iphonesimulator -o /Users/bcolf/Library/Developer/Xcode/DerivedData/NaarsCars-ddjckbmdlvztnhbszwozufpfqrbp/Build/Products/Debug-iphonesimulator/swift-crypto_Crypto.bundle/Info.plist

ProcessInfoPlistFile /Users/bcolf/Library/Developer/Xcode/DerivedData/NaarsCars-ddjckbmdlvztnhbszwozufpfqrbp/Build/Products/Debug-iphonesimulator/Firebase_FirebaseCrashlytics.bundle/Info.plist /Users/bcolf/Library/Developer/Xcode/DerivedData/NaarsCars-ddjckbmdlvztnhbszwozufpfqrbp/Build/Intermediates.noindex/Firebase.build/Debug-iphonesimulator/Firebase_FirebaseCrashlytics.build/empty-Firebase_FirebaseCrashlytics.plist (in target 'Firebase_FirebaseCrashlytics' from project 'Firebase')
    cd /Users/bcolf/Library/Developer/Xcode/DerivedData/NaarsCars-ddjckbmdlvztnhbszwozufpfqrbp/SourcePackages/checkouts/firebase-ios-sdk
    builtin-infoPlistUtility /Users/bcolf/Library/Developer/Xcode/DerivedData/NaarsCars-ddjckbmdlvztnhbszwozufpfqrbp/Build/Intermediates.noindex/Firebase.build/Debug-iphonesimulator/Firebase_FirebaseCrashlytics.build/empty-Firebase_FirebaseCrashlytics.plist -producttype com.apple.product-type.bundle -expandbuildsettings -format binary -platform iphonesimulator -o /Users/bcolf/Library/Developer/Xcode/DerivedData/NaarsCars-ddjckbmdlvztnhbszwozufpfqrbp/Build/Products/Debug-iphonesimulator/Firebase_FirebaseCrashlytics.bundle/Info.plist

warning: Skipping duplicate build file in Compile Sources build phase: /Users/bcolf/Documents/naars-cars-ios/NaarsCars/App/AppDelegate.swift (in target 'NaarsCars' from project 'NaarsCars')
warning: Skipping duplicate build file in Compile Sources build phase: /Users/bcolf/Documents/naars-cars-ios/NaarsCars/Core/Services/ClaimService.swift (in target 'NaarsCars' from project 'NaarsCars')
warning: Skipping duplicate build file in Compile Sources build phase: /Users/bcolf/Documents/naars-cars-ios/NaarsCars/Core/Services/FavorService.swift (in target 'NaarsCars' from project 'NaarsCars')
warning: Skipping duplicate build file in Compile Sources build phase: /Users/bcolf/Documents/naars-cars-ios/NaarsCars/Core/Services/MessageService.swift (in target 'NaarsCars' from project 'NaarsCars')
warning: Skipping duplicate build file in Compile Sources build phase: /Users/bcolf/Documents/naars-cars-ios/NaarsCars/Core/Services/NotificationService.swift (in target 'NaarsCars' from project 'NaarsCars')
warning: Skipping duplicate build file in Compile Sources build phase: /Users/bcolf/Documents/naars-cars-ios/NaarsCars/Core/Services/PushNotificationService.swift (in target 'NaarsCars' from project 'NaarsCars')
warning: Skipping duplicate build file in Compile Sources build phase: /Users/bcolf/Documents/naars-cars-ios/NaarsCars/Core/Services/RideService.swift (in target 'NaarsCars' from project 'NaarsCars')
warning: Skipping duplicate build file in Compile Sources build phase: /Users/bcolf/Documents/naars-cars-ios/NaarsCars/Core/Utilities/Constants.swift (in target 'NaarsCars' from project 'NaarsCars')
warning: Skipping duplicate build file in Compile Sources build phase: /Users/bcolf/Documents/naars-cars-ios/NaarsCars/Core/Utilities/DeepLinkParser.swift (in target 'NaarsCars' from project 'NaarsCars')
warning: Skipping duplicate build file in Compile Sources build phase: /Users/bcolf/Documents/naars-cars-ios/NaarsCars/Core/Utilities/DeviceIdentifier.swift (in target 'NaarsCars' from project 'NaarsCars')
warning: Skipping duplicate build file in Compile Sources build phase: /Users/bcolf/Documents/naars-cars-ios/NaarsCars/Core/Utilities/Logger.swift (in target 'NaarsCars' from project 'NaarsCars')
warning: Skipping duplicate build file in Compile Sources build phase: /Users/bcolf/Documents/naars-cars-ios/NaarsCars/Features/Favors/ViewModels/CreateFavorViewModel.swift (in target 'NaarsCars' from project 'NaarsCars')
warning: Skipping duplicate build file in Compile Sources build phase: /Users/bcolf/Documents/naars-cars-ios/NaarsCars/Features/Favors/ViewModels/FavorDetailViewModel.swift (in target 'NaarsCars' from project 'NaarsCars')
warning: Skipping duplicate build file in Compile Sources build phase: /Users/bcolf/Documents/naars-cars-ios/NaarsCars/Features/Favors/ViewModels/FavorsDashboardViewModel.swift (in target 'NaarsCars' from project 'NaarsCars')
warning: Skipping duplicate build file in Compile Sources build phase: /Users/bcolf/Documents/naars-cars-ios/NaarsCars/Features/Favors/Views/CreateFavorView.swift (in target 'NaarsCars' from project 'NaarsCars')
warning: Skipping duplicate build file in Compile Sources build phase: /Users/bcolf/Documents/naars-cars-ios/NaarsCars/Features/Favors/Views/EditFavorView.swift (in target 'NaarsCars' from project 'NaarsCars')
warning: Skipping duplicate build file in Compile Sources build phase: /Users/bcolf/Documents/naars-cars-ios/NaarsCars/Features/Favors/Views/FavorDetailView.swift (in target 'NaarsCars' from project 'NaarsCars')
warning: Skipping duplicate build file in Compile Sources build phase: /Users/bcolf/Documents/naars-cars-ios/NaarsCars/Features/Favors/Views/FavorsDashboardView.swift (in target 'NaarsCars' from project 'NaarsCars')
warning: Skipping duplicate build file in Compile Sources build phase: /Users/bcolf/Documents/naars-cars-ios/NaarsCars/Features/Messaging/ViewModels/ConversationDetailViewModel.swift (in target 'NaarsCars' from project 'NaarsCars')
warning: Skipping duplicate build file in Compile Sources build phase: /Users/bcolf/Documents/naars-cars-ios/NaarsCars/Features/Messaging/ViewModels/ConversationsListViewModel.swift (in target 'NaarsCars' from project 'NaarsCars')
warning: Skipping duplicate build file in Compile Sources build phase: /Users/bcolf/Documents/naars-cars-ios/NaarsCars/Features/Messaging/Views/ConversationDetailView.swift (in target 'NaarsCars' from project 'NaarsCars')
warning: Skipping duplicate build file in Compile Sources build phase: /Users/bcolf/Documents/naars-cars-ios/NaarsCars/Features/Messaging/Views/ConversationsListView.swift (in target 'NaarsCars' from project 'NaarsCars')
warning: Skipping duplicate build file in Compile Sources build phase: /Users/bcolf/Documents/naars-cars-ios/NaarsCars/Features/Rides/ViewModels/CreateRideViewModel.swift (in target 'NaarsCars' from project 'NaarsCars')
warning: Skipping duplicate build file in Compile Sources build phase: /Users/bcolf/Documents/naars-cars-ios/NaarsCars/Features/Rides/ViewModels/RideDetailViewModel.swift (in target 'NaarsCars' from project 'NaarsCars')
warning: Skipping duplicate build file in Compile Sources build phase: /Users/bcolf/Documents/naars-cars-ios/NaarsCars/Features/Rides/ViewModels/RidesDashboardViewModel.swift (in target 'NaarsCars' from project 'NaarsCars')
warning: Skipping duplicate build file in Compile Sources build phase: /Users/bcolf/Documents/naars-cars-ios/NaarsCars/Features/Rides/Views/CreateRideView.swift (in target 'NaarsCars' from project 'NaarsCars')
warning: Skipping duplicate build file in Compile Sources build phase: /Users/bcolf/Documents/naars-cars-ios/NaarsCars/Features/Rides/Views/EditRideView.swift (in target 'NaarsCars' from project 'NaarsCars')
warning: Skipping duplicate build file in Compile Sources build phase: /Users/bcolf/Documents/naars-cars-ios/NaarsCars/Features/Rides/Views/RideDetailView.swift (in target 'NaarsCars' from project 'NaarsCars')
warning: Skipping duplicate build file in Compile Sources build phase: /Users/bcolf/Documents/naars-cars-ios/NaarsCars/Features/Rides/Views/RidesDashboardView.swift (in target 'NaarsCars' from project 'NaarsCars')
warning: Skipping duplicate build file in Compile Sources build phase: /Users/bcolf/Documents/naars-cars-ios/NaarsCars/UI/Components/Buttons/ClaimButton.swift (in target 'NaarsCars' from project 'NaarsCars')
warning: Skipping duplicate build file in Compile Sources build phase: /Users/bcolf/Documents/naars-cars-ios/NaarsCars/UI/Components/Cards/FavorCard.swift (in target 'NaarsCars' from project 'NaarsCars')
warning: Skipping duplicate build file in Compile Sources build phase: /Users/bcolf/Documents/naars-cars-ios/NaarsCars/UI/Components/Cards/RideCard.swift (in target 'NaarsCars' from project 'NaarsCars')
warning: Skipping duplicate build file in Compile Sources build phase: /Users/bcolf/Documents/naars-cars-ios/NaarsCars/UI/Components/Common/RequestQAView.swift (in target 'NaarsCars' from project 'NaarsCars')
warning: Skipping duplicate build file in Compile Sources build phase: /Users/bcolf/Documents/naars-cars-ios/NaarsCars/Features/Claiming/Views/CompleteSheet.swift (in target 'NaarsCars' from project 'NaarsCars')
warning: Skipping duplicate build file in Compile Sources build phase: /Users/bcolf/Documents/naars-cars-ios/NaarsCars/Features/Claiming/Views/ClaimSheet.swift (in target 'NaarsCars' from project 'NaarsCars')
warning: Skipping duplicate build file in Compile Sources build phase: /Users/bcolf/Documents/naars-cars-ios/NaarsCars/Features/Claiming/Views/UnclaimSheet.swift (in target 'NaarsCars' from project 'NaarsCars')
warning: Skipping duplicate build file in Compile Sources build phase: /Users/bcolf/Documents/naars-cars-ios/NaarsCars/Features/Claiming/ViewModels/ClaimViewModel.swift (in target 'NaarsCars' from project 'NaarsCars')
warning: Skipping duplicate build file in Compile Sources build phase: /Users/bcolf/Documents/naars-cars-ios/NaarsCars/Features/Claiming/Views/PhoneRequiredSheet.swift (in target 'NaarsCars' from project 'NaarsCars')
warning: Skipping duplicate build file in Compile Sources build phase: /Users/bcolf/Documents/naars-cars-ios/NaarsCars/Core/Models/RequestQA.swift (in target 'NaarsCars' from project 'NaarsCars')
warning: Skipping duplicate build file in Compile Sources build phase: /Users/bcolf/Documents/naars-cars-ios/NaarsCars/UI/Components/Feedback/SkeletonConversationRow.swift (in target 'NaarsCars' from project 'NaarsCars')
warning: Skipping duplicate build file in Compile Sources build phase: /Users/bcolf/Documents/naars-cars-ios/NaarsCars/UI/Components/Feedback/SkeletonFavorCard.swift (in target 'NaarsCars' from project 'NaarsCars')
warning: Skipping duplicate build file in Compile Sources build phase: /Users/bcolf/Documents/naars-cars-ios/NaarsCars/UI/Components/Feedback/SkeletonLeaderboardRow.swift (in target 'NaarsCars' from project 'NaarsCars')
warning: Skipping duplicate build file in Compile Sources build phase: /Users/bcolf/Documents/naars-cars-ios/NaarsCars/UI/Components/Feedback/SkeletonMessageRow.swift (in target 'NaarsCars' from project 'NaarsCars')
warning: Skipping duplicate build file in Compile Sources build phase: /Users/bcolf/Documents/naars-cars-ios/NaarsCars/UI/Components/Feedback/SkeletonRideCard.swift (in target 'NaarsCars' from project 'NaarsCars')
warning: Skipping duplicate build file in Compile Sources build phase: /Users/bcolf/Documents/naars-cars-ios/NaarsCars/UI/Components/Feedback/SkeletonView.swift (in target 'NaarsCars' from project 'NaarsCars')
warning: Skipping duplicate build file in Compile Sources build phase: /Users/bcolf/Documents/naars-cars-ios/NaarsCars/UI/Components/Messaging/MessageBubble.swift (in target 'NaarsCars' from project 'NaarsCars')
warning: Skipping duplicate build file in Compile Sources build phase: /Users/bcolf/Documents/naars-cars-ios/NaarsCars/UI/Components/Messaging/MessageInputBar.swift (in target 'NaarsCars' from project 'NaarsCars')
warning: Skipping duplicate build file in Compile Sources build phase: /Users/bcolf/Documents/naars-cars-ios/NaarsCars/App/AppDelegate.swift (in target 'NaarsCars' from project 'NaarsCars')
warning: Skipping duplicate build file in Compile Sources build phase: /Users/bcolf/Documents/naars-cars-ios/NaarsCars/Core/Services/ClaimService.swift (in target 'NaarsCars' from project 'NaarsCars')
warning: Skipping duplicate build file in Compile Sources build phase: /Users/bcolf/Documents/naars-cars-ios/NaarsCars/Core/Services/FavorService.swift (in target 'NaarsCars' from project 'NaarsCars')
warning: Skipping duplicate build file in Compile Sources build phase: /Users/bcolf/Documents/naars-cars-ios/NaarsCars/Core/Services/MessageService.swift (in target 'NaarsCars' from project 'NaarsCars')
warning: Skipping duplicate build file in Compile Sources build phase: /Users/bcolf/Documents/naars-cars-ios/NaarsCars/Core/Services/NotificationService.swift (in target 'NaarsCars' from project 'NaarsCars')
warning: Skipping duplicate build file in Compile Sources build phase: /Users/bcolf/Documents/naars-cars-ios/NaarsCars/Core/Services/PushNotificationService.swift (in target 'NaarsCars' from project 'NaarsCars')
warning: Skipping duplicate build file in Compile Sources build phase: /Users/bcolf/Documents/naars-cars-ios/NaarsCars/Core/Services/RideService.swift (in target 'NaarsCars' from project 'NaarsCars')
warning: Skipping duplicate build file in Compile Sources build phase: /Users/bcolf/Documents/naars-cars-ios/NaarsCars/Core/Utilities/Constants.swift (in target 'NaarsCars' from project 'NaarsCars')
warning: Skipping duplicate build file in Compile Sources build phase: /Users/bcolf/Documents/naars-cars-ios/NaarsCars/Core/Utilities/DeepLinkParser.swift (in target 'NaarsCars' from project 'NaarsCars')
warning: Skipping duplicate build file in Compile Sources build phase: /Users/bcolf/Documents/naars-cars-ios/NaarsCars/Core/Utilities/DeviceIdentifier.swift (in target 'NaarsCars' from project 'NaarsCars')
warning: Skipping duplicate build file in Compile Sources build phase: /Users/bcolf/Documents/naars-cars-ios/NaarsCars/Core/Utilities/Logger.swift (in target 'NaarsCars' from project 'NaarsCars')
warning: Skipping duplicate build file in Compile Sources build phase: /Users/bcolf/Documents/naars-cars-ios/NaarsCars/Features/Favors/ViewModels/CreateFavorViewModel.swift (in target 'NaarsCars' from project 'NaarsCars')
warning: Skipping duplicate build file in Compile Sources build phase: /Users/bcolf/Documents/naars-cars-ios/NaarsCars/Features/Favors/ViewModels/FavorDetailViewModel.swift (in target 'NaarsCars' from project 'NaarsCars')
warning: Skipping duplicate build file in Compile Sources build phase: /Users/bcolf/Documents/naars-cars-ios/NaarsCars/Features/Favors/ViewModels/FavorsDashboardViewModel.swift (in target 'NaarsCars' from project 'NaarsCars')
warning: Skipping duplicate build file in Compile Sources build phase: /Users/bcolf/Documents/naars-cars-ios/NaarsCars/Features/Favors/Views/CreateFavorView.swift (in target 'NaarsCars' from project 'NaarsCars')
warning: Skipping duplicate build file in Compile Sources build phase: /Users/bcolf/Documents/naars-cars-ios/NaarsCars/Features/Favors/Views/EditFavorView.swift (in target 'NaarsCars' from project 'NaarsCars')
warning: Skipping duplicate build file in Compile Sources build phase: /Users/bcolf/Documents/naars-cars-ios/NaarsCars/Features/Favors/Views/FavorDetailView.swift (in target 'NaarsCars' from project 'NaarsCars')
warning: Skipping duplicate build file in Compile Sources build phase: /Users/bcolf/Documents/naars-cars-ios/NaarsCars/Features/Favors/Views/FavorsDashboardView.swift (in target 'NaarsCars' from project 'NaarsCars')
warning: Skipping duplicate build file in Compile Sources build phase: /Users/bcolf/Documents/naars-cars-ios/NaarsCars/Features/Messaging/ViewModels/ConversationDetailViewModel.swift (in target 'NaarsCars' from project 'NaarsCars')
warning: Skipping duplicate build file in Compile Sources build phase: /Users/bcolf/Documents/naars-cars-ios/NaarsCars/Features/Messaging/ViewModels/ConversationsListViewModel.swift (in target 'NaarsCars' from project 'NaarsCars')
warning: Skipping duplicate build file in Compile Sources build phase: /Users/bcolf/Documents/naars-cars-ios/NaarsCars/Features/Messaging/Views/ConversationDetailView.swift (in target 'NaarsCars' from project 'NaarsCars')
warning: Skipping duplicate build file in Compile Sources build phase: /Users/bcolf/Documents/naars-cars-ios/NaarsCars/Features/Messaging/Views/ConversationsListView.swift (in target 'NaarsCars' from project 'NaarsCars')
warning: Skipping duplicate build file in Compile Sources build phase: /Users/bcolf/Documents/naars-cars-ios/NaarsCars/Features/Rides/ViewModels/CreateRideViewModel.swift (in target 'NaarsCars' from project 'NaarsCars')
warning: Skipping duplicate build file in Compile Sources build phase: /Users/bcolf/Documents/naars-cars-ios/NaarsCars/Features/Rides/ViewModels/RideDetailViewModel.swift (in target 'NaarsCars' from project 'NaarsCars')
warning: Skipping duplicate build file in Compile Sources build phase: /Users/bcolf/Documents/naars-cars-ios/NaarsCars/Features/Rides/ViewModels/RidesDashboardViewModel.swift (in target 'NaarsCars' from project 'NaarsCars')
warning: Skipping duplicate build file in Compile Sources build phase: /Users/bcolf/Documents/naars-cars-ios/NaarsCars/Features/Rides/Views/CreateRideView.swift (in target 'NaarsCars' from project 'NaarsCars')
warning: Skipping duplicate build file in Compile Sources build phase: /Users/bcolf/Documents/naars-cars-ios/NaarsCars/Features/Rides/Views/EditRideView.swift (in target 'NaarsCars' from project 'NaarsCars')
warning: Skipping duplicate build file in Compile Sources build phase: /Users/bcolf/Documents/naars-cars-ios/NaarsCars/Features/Rides/Views/RideDetailView.swift (in target 'NaarsCars' from project 'NaarsCars')
warning: Skipping duplicate build file in Compile Sources build phase: /Users/bcolf/Documents/naars-cars-ios/NaarsCars/Features/Rides/Views/RidesDashboardView.swift (in target 'NaarsCars' from project 'NaarsCars')
warning: Skipping duplicate build file in Compile Sources build phase: /Users/bcolf/Documents/naars-cars-ios/NaarsCars/UI/Components/Buttons/ClaimButton.swift (in target 'NaarsCars' from project 'NaarsCars')
warning: Skipping duplicate build file in Compile Sources build phase: /Users/bcolf/Documents/naars-cars-ios/NaarsCars/UI/Components/Cards/FavorCard.swift (in target 'NaarsCars' from project 'NaarsCars')
warning: Skipping duplicate build file in Compile Sources build phase: /Users/bcolf/Documents/naars-cars-ios/NaarsCars/UI/Components/Cards/RideCard.swift (in target 'NaarsCars' from project 'NaarsCars')
warning: Skipping duplicate build file in Compile Sources build phase: /Users/bcolf/Documents/naars-cars-ios/NaarsCars/UI/Components/Common/RequestQAView.swift (in target 'NaarsCars' from project 'NaarsCars')
warning: Skipping duplicate build file in Compile Sources build phase: /Users/bcolf/Documents/naars-cars-ios/NaarsCars/Features/Claiming/Views/CompleteSheet.swift (in target 'NaarsCars' from project 'NaarsCars')
warning: Skipping duplicate build file in Compile Sources build phase: /Users/bcolf/Documents/naars-cars-ios/NaarsCars/Features/Claiming/Views/ClaimSheet.swift (in target 'NaarsCars' from project 'NaarsCars')
warning: Skipping duplicate build file in Compile Sources build phase: /Users/bcolf/Documents/naars-cars-ios/NaarsCars/Features/Claiming/Views/UnclaimSheet.swift (in target 'NaarsCars' from project 'NaarsCars')
warning: Skipping duplicate build file in Compile Sources build phase: /Users/bcolf/Documents/naars-cars-ios/NaarsCars/Features/Claiming/ViewModels/ClaimViewModel.swift (in target 'NaarsCars' from project 'NaarsCars')
warning: Skipping duplicate build file in Compile Sources build phase: /Users/bcolf/Documents/naars-cars-ios/NaarsCars/Features/Claiming/Views/PhoneRequiredSheet.swift (in target 'NaarsCars' from project 'NaarsCars')
warning: Skipping duplicate build file in Compile Sources build phase: /Users/bcolf/Documents/naars-cars-ios/NaarsCars/Core/Models/RequestQA.swift (in target 'NaarsCars' from project 'NaarsCars')
warning: Skipping duplicate build file in Compile Sources build phase: /Users/bcolf/Documents/naars-cars-ios/NaarsCars/UI/Components/Feedback/SkeletonConversationRow.swift (in target 'NaarsCars' from project 'NaarsCars')
warning: Skipping duplicate build file in Compile Sources build phase: /Users/bcolf/Documents/naars-cars-ios/NaarsCars/UI/Components/Feedback/SkeletonFavorCard.swift (in target 'NaarsCars' from project 'NaarsCars')
warning: Skipping duplicate build file in Compile Sources build phase: /Users/bcolf/Documents/naars-cars-ios/NaarsCars/UI/Components/Feedback/SkeletonLeaderboardRow.swift (in target 'NaarsCars' from project 'NaarsCars')
warning: Skipping duplicate build file in Compile Sources build phase: /Users/bcolf/Documents/naars-cars-ios/NaarsCars/UI/Components/Feedback/SkeletonMessageRow.swift (in target 'NaarsCars' from project 'NaarsCars')
warning: Skipping duplicate build file in Compile Sources build phase: /Users/bcolf/Documents/naars-cars-ios/NaarsCars/UI/Components/Feedback/SkeletonRideCard.swift (in target 'NaarsCars' from project 'NaarsCars')
warning: Skipping duplicate build file in Compile Sources build phase: /Users/bcolf/Documents/naars-cars-ios/NaarsCars/UI/Components/Feedback/SkeletonView.swift (in target 'NaarsCars' from project 'NaarsCars')
warning: Skipping duplicate build file in Compile Sources build phase: /Users/bcolf/Documents/naars-cars-ios/NaarsCars/UI/Components/Messaging/MessageBubble.swift (in target 'NaarsCars' from project 'NaarsCars')
warning: Skipping duplicate build file in Compile Sources build phase: /Users/bcolf/Documents/naars-cars-ios/NaarsCars/UI/Components/Messaging/MessageInputBar.swift (in target 'NaarsCars' from project 'NaarsCars')
CompileXCStrings /Users/bcolf/Library/Developer/Xcode/DerivedData/NaarsCars-ddjckbmdlvztnhbszwozufpfqrbp/Build/Intermediates.noindex/NaarsCars.build/Debug-iphonesimulator/NaarsCars.build/ /Users/bcolf/Documents/naars-cars-ios/NaarsCars/Resources/Localizable.xcstrings (in target 'NaarsCars' from project 'NaarsCars')
    cd /Users/bcolf/Documents/naars-cars-ios/NaarsCars
    /Applications/Xcode.app/Contents/Developer/usr/bin/xcstringstool compile --output-directory /Users/bcolf/Library/Developer/Xcode/DerivedData/NaarsCars-ddjckbmdlvztnhbszwozufpfqrbp/Build/Intermediates.noindex/NaarsCars.build/Debug-iphonesimulator/NaarsCars.build /Users/bcolf/Documents/naars-cars-ios/NaarsCars/Resources/Localizable.xcstrings

CopyStringsFile /Users/bcolf/Library/Developer/Xcode/DerivedData/NaarsCars-ddjckbmdlvztnhbszwozufpfqrbp/Build/Products/Debug-iphonesimulator/NaarsCars.app/es.lproj/Localizable.strings /Users/bcolf/Library/Developer/Xcode/DerivedData/NaarsCars-ddjckbmdlvztnhbszwozufpfqrbp/Build/Intermediates.noindex/NaarsCars.build/Debug-iphonesimulator/NaarsCars.build/es.lproj/Localizable.strings (in target 'NaarsCars' from project 'NaarsCars')
    cd /Users/bcolf/Documents/naars-cars-ios/NaarsCars
    builtin-copyStrings --validate --outputencoding binary --outfilename Localizable.strings --outdir /Users/bcolf/Library/Developer/Xcode/DerivedData/NaarsCars-ddjckbmdlvztnhbszwozufpfqrbp/Build/Products/Debug-iphonesimulator/NaarsCars.app/es.lproj -- /Users/bcolf/Library/Developer/Xcode/DerivedData/NaarsCars-ddjckbmdlvztnhbszwozufpfqrbp/Build/Intermediates.noindex/NaarsCars.build/Debug-iphonesimulator/NaarsCars.build/es.lproj/Localizable.strings
/Users/bcolf/Library/Developer/Xcode/DerivedData/NaarsCars-ddjckbmdlvztnhbszwozufpfqrbp/Build/Intermediates.noindex/NaarsCars.build/Debug-iphonesimulator/NaarsCars.build/es.lproj/Localizable.strings:1:1: note: detected encoding of input file as Unicode (UTF-8) (in target 'NaarsCars' from project 'NaarsCars')

CopyStringsFile /Users/bcolf/Library/Developer/Xcode/DerivedData/NaarsCars-ddjckbmdlvztnhbszwozufpfqrbp/Build/Products/Debug-iphonesimulator/NaarsCars.app/vi.lproj/Localizable.strings /Users/bcolf/Library/Developer/Xcode/DerivedData/NaarsCars-ddjckbmdlvztnhbszwozufpfqrbp/Build/Intermediates.noindex/NaarsCars.build/Debug-iphonesimulator/NaarsCars.build/vi.lproj/Localizable.strings (in target 'NaarsCars' from project 'NaarsCars')
    cd /Users/bcolf/Documents/naars-cars-ios/NaarsCars
    builtin-copyStrings --validate --outputencoding binary --outfilename Localizable.strings --outdir /Users/bcolf/Library/Developer/Xcode/DerivedData/NaarsCars-ddjckbmdlvztnhbszwozufpfqrbp/Build/Products/Debug-iphonesimulator/NaarsCars.app/vi.lproj -- /Users/bcolf/Library/Developer/Xcode/DerivedData/NaarsCars-ddjckbmdlvztnhbszwozufpfqrbp/Build/Intermediates.noindex/NaarsCars.build/Debug-iphonesimulator/NaarsCars.build/vi.lproj/Localizable.strings
/Users/bcolf/Library/Developer/Xcode/DerivedData/NaarsCars-ddjckbmdlvztnhbszwozufpfqrbp/Build/Intermediates.noindex/NaarsCars.build/Debug-iphonesimulator/NaarsCars.build/vi.lproj/Localizable.strings:1:1: note: detected encoding of input file as Unicode (UTF-8) (in target 'NaarsCars' from project 'NaarsCars')

CopyStringsFile /Users/bcolf/Library/Developer/Xcode/DerivedData/NaarsCars-ddjckbmdlvztnhbszwozufpfqrbp/Build/Products/Debug-iphonesimulator/NaarsCars.app/zh-Hant.lproj/Localizable.strings /Users/bcolf/Library/Developer/Xcode/DerivedData/NaarsCars-ddjckbmdlvztnhbszwozufpfqrbp/Build/Intermediates.noindex/NaarsCars.build/Debug-iphonesimulator/NaarsCars.build/zh-Hant.lproj/Localizable.strings (in target 'NaarsCars' from project 'NaarsCars')
    cd /Users/bcolf/Documents/naars-cars-ios/NaarsCars
    builtin-copyStrings --validate --outputencoding binary --outfilename Localizable.strings --outdir /Users/bcolf/Library/Developer/Xcode/DerivedData/NaarsCars-ddjckbmdlvztnhbszwozufpfqrbp/Build/Products/Debug-iphonesimulator/NaarsCars.app/zh-Hant.lproj -- /Users/bcolf/Library/Developer/Xcode/DerivedData/NaarsCars-ddjckbmdlvztnhbszwozufpfqrbp/Build/Intermediates.noindex/NaarsCars.build/Debug-iphonesimulator/NaarsCars.build/zh-Hant.lproj/Localizable.strings
/Users/bcolf/Library/Developer/Xcode/DerivedData/NaarsCars-ddjckbmdlvztnhbszwozufpfqrbp/Build/Intermediates.noindex/NaarsCars.build/Debug-iphonesimulator/NaarsCars.build/zh-Hant.lproj/Localizable.strings:1:1: note: detected encoding of input file as Unicode (UTF-8) (in target 'NaarsCars' from project 'NaarsCars')

CopyStringsFile /Users/bcolf/Library/Developer/Xcode/DerivedData/NaarsCars-ddjckbmdlvztnhbszwozufpfqrbp/Build/Products/Debug-iphonesimulator/NaarsCars.app/zh-Hans.lproj/Localizable.strings /Users/bcolf/Library/Developer/Xcode/DerivedData/NaarsCars-ddjckbmdlvztnhbszwozufpfqrbp/Build/Intermediates.noindex/NaarsCars.build/Debug-iphonesimulator/NaarsCars.build/zh-Hans.lproj/Localizable.strings (in target 'NaarsCars' from project 'NaarsCars')
    cd /Users/bcolf/Documents/naars-cars-ios/NaarsCars
    builtin-copyStrings --validate --outputencoding binary --outfilename Localizable.strings --outdir /Users/bcolf/Library/Developer/Xcode/DerivedData/NaarsCars-ddjckbmdlvztnhbszwozufpfqrbp/Build/Products/Debug-iphonesimulator/NaarsCars.app/zh-Hans.lproj -- /Users/bcolf/Library/Developer/Xcode/DerivedData/NaarsCars-ddjckbmdlvztnhbszwozufpfqrbp/Build/Intermediates.noindex/NaarsCars.build/Debug-iphonesimulator/NaarsCars.build/zh-Hans.lproj/Localizable.strings
/Users/bcolf/Library/Developer/Xcode/DerivedData/NaarsCars-ddjckbmdlvztnhbszwozufpfqrbp/Build/Intermediates.noindex/NaarsCars.build/Debug-iphonesimulator/NaarsCars.build/zh-Hans.lproj/Localizable.strings:1:1: note: detected encoding of input file as Unicode (UTF-8) (in target 'NaarsCars' from project 'NaarsCars')

CopyStringsFile /Users/bcolf/Library/Developer/Xcode/DerivedData/NaarsCars-ddjckbmdlvztnhbszwozufpfqrbp/Build/Products/Debug-iphonesimulator/NaarsCars.app/ko.lproj/Localizable.strings /Users/bcolf/Library/Developer/Xcode/DerivedData/NaarsCars-ddjckbmdlvztnhbszwozufpfqrbp/Build/Intermediates.noindex/NaarsCars.build/Debug-iphonesimulator/NaarsCars.build/ko.lproj/Localizable.strings (in target 'NaarsCars' from project 'NaarsCars')
    cd /Users/bcolf/Documents/naars-cars-ios/NaarsCars
    builtin-copyStrings --validate --outputencoding binary --outfilename Localizable.strings --outdir /Users/bcolf/Library/Developer/Xcode/DerivedData/NaarsCars-ddjckbmdlvztnhbszwozufpfqrbp/Build/Products/Debug-iphonesimulator/NaarsCars.app/ko.lproj -- /Users/bcolf/Library/Developer/Xcode/DerivedData/NaarsCars-ddjckbmdlvztnhbszwozufpfqrbp/Build/Intermediates.noindex/NaarsCars.build/Debug-iphonesimulator/NaarsCars.build/ko.lproj/Localizable.strings
/Users/bcolf/Library/Developer/Xcode/DerivedData/NaarsCars-ddjckbmdlvztnhbszwozufpfqrbp/Build/Intermediates.noindex/NaarsCars.build/Debug-iphonesimulator/NaarsCars.build/ko.lproj/Localizable.strings:1:1: note: detected encoding of input file as Unicode (UTF-8) (in target 'NaarsCars' from project 'NaarsCars')

CopyStringsFile /Users/bcolf/Library/Developer/Xcode/DerivedData/NaarsCars-ddjckbmdlvztnhbszwozufpfqrbp/Build/Products/Debug-iphonesimulator/NaarsCars.app/en.lproj/Localizable.strings /Users/bcolf/Library/Developer/Xcode/DerivedData/NaarsCars-ddjckbmdlvztnhbszwozufpfqrbp/Build/Intermediates.noindex/NaarsCars.build/Debug-iphonesimulator/NaarsCars.build/en.lproj/Localizable.strings (in target 'NaarsCars' from project 'NaarsCars')
    cd /Users/bcolf/Documents/naars-cars-ios/NaarsCars
    builtin-copyStrings --validate --outputencoding binary --outfilename Localizable.strings --outdir /Users/bcolf/Library/Developer/Xcode/DerivedData/NaarsCars-ddjckbmdlvztnhbszwozufpfqrbp/Build/Products/Debug-iphonesimulator/NaarsCars.app/en.lproj -- /Users/bcolf/Library/Developer/Xcode/DerivedData/NaarsCars-ddjckbmdlvztnhbszwozufpfqrbp/Build/Intermediates.noindex/NaarsCars.build/Debug-iphonesimulator/NaarsCars.build/en.lproj/Localizable.strings
/Users/bcolf/Library/Developer/Xcode/DerivedData/NaarsCars-ddjckbmdlvztnhbszwozufpfqrbp/Build/Intermediates.noindex/NaarsCars.build/Debug-iphonesimulator/NaarsCars.build/en.lproj/Localizable.strings:1:1: note: detected encoding of input file as Unicode (UTF-8) (in target 'NaarsCars' from project 'NaarsCars')

ProcessInfoPlistFile /Users/bcolf/Library/Developer/Xcode/DerivedData/NaarsCars-ddjckbmdlvztnhbszwozufpfqrbp/Build/Products/Debug-iphonesimulator/NaarsCars.app/Info.plist /Users/bcolf/Documents/naars-cars-ios/NaarsCars/Info.plist (in target 'NaarsCars' from project 'NaarsCars')
    cd /Users/bcolf/Documents/naars-cars-ios/NaarsCars
    builtin-infoPlistUtility /Users/bcolf/Documents/naars-cars-ios/NaarsCars/Info.plist -producttype com.apple.product-type.application -genpkginfo /Users/bcolf/Library/Developer/Xcode/DerivedData/NaarsCars-ddjckbmdlvztnhbszwozufpfqrbp/Build/Products/Debug-iphonesimulator/NaarsCars.app/PkgInfo -expandbuildsettings -format binary -platform iphonesimulator -additionalcontentfile /Users/bcolf/Library/Developer/Xcode/DerivedData/NaarsCars-ddjckbmdlvztnhbszwozufpfqrbp/Build/Intermediates.noindex/NaarsCars.build/Debug-iphonesimulator/NaarsCars.build/assetcatalog_generated_info.plist -scanforprivacyfile /Users/bcolf/Library/Developer/Xcode/DerivedData/NaarsCars-ddjckbmdlvztnhbszwozufpfqrbp/Build/Products/Debug-iphonesimulator/NaarsCars.app/Firebase_FirebaseCore.bundle -scanforprivacyfile /Users/bcolf/Library/Developer/Xcode/DerivedData/NaarsCars-ddjckbmdlvztnhbszwozufpfqrbp/Build/Products/Debug-iphonesimulator/NaarsCars.app/Firebase_FirebaseCoreExtension.bundle -scanforprivacyfile /Users/bcolf/Library/Developer/Xcode/DerivedData/NaarsCars-ddjckbmdlvztnhbszwozufpfqrbp/Build/Products/Debug-iphonesimulator/NaarsCars.app/Firebase_FirebaseCoreInternal.bundle -scanforprivacyfile /Users/bcolf/Library/Developer/Xcode/DerivedData/NaarsCars-ddjckbmdlvztnhbszwozufpfqrbp/Build/Products/Debug-iphonesimulator/NaarsCars.app/Firebase_FirebaseCrashlytics.bundle -scanforprivacyfile /Users/bcolf/Library/Developer/Xcode/DerivedData/NaarsCars-ddjckbmdlvztnhbszwozufpfqrbp/Build/Products/Debug-iphonesimulator/NaarsCars.app/Firebase_FirebaseCrashlyticsSwift.bundle -scanforprivacyfile /Users/bcolf/Library/Developer/Xcode/DerivedData/NaarsCars-ddjckbmdlvztnhbszwozufpfqrbp/Build/Products/Debug-iphonesimulator/NaarsCars.app/Firebase_FirebaseInstallations.bundle -scanforprivacyfile /Users/bcolf/Library/Developer/Xcode/DerivedData/NaarsCars-ddjckbmdlvztnhbszwozufpfqrbp/Build/Products/Debug-iphonesimulator/NaarsCars.app/Frameworks/FirebaseAnalytics.framework -scanforprivacyfile /Users/bcolf/Library/Developer/Xcode/DerivedData/NaarsCars-ddjckbmdlvztnhbszwozufpfqrbp/Build/Products/Debug-iphonesimulator/NaarsCars.app/Frameworks/GoogleAdsOnDeviceConversion.framework -scanforprivacyfile /Users/bcolf/Library/Developer/Xcode/DerivedData/NaarsCars-ddjckbmdlvztnhbszwozufpfqrbp/Build/Products/Debug-iphonesimulator/NaarsCars.app/Frameworks/GoogleAppMeasurement.framework -scanforprivacyfile /Users/bcolf/Library/Developer/Xcode/DerivedData/NaarsCars-ddjckbmdlvztnhbszwozufpfqrbp/Build/Products/Debug-iphonesimulator/NaarsCars.app/Frameworks/GoogleAppMeasurementIdentitySupport.framework -scanforprivacyfile /Users/bcolf/Library/Developer/Xcode/DerivedData/NaarsCars-ddjckbmdlvztnhbszwozufpfqrbp/Build/Products/Debug-iphonesimulator/NaarsCars.app/GoogleDataTransport_GoogleDataTransport.bundle -scanforprivacyfile /Users/bcolf/Library/Developer/Xcode/DerivedData/NaarsCars-ddjckbmdlvztnhbszwozufpfqrbp/Build/Products/Debug-iphonesimulator/NaarsCars.app/GoogleUtilities_GoogleUtilities-AppDelegateSwizzler.bundle -scanforprivacyfile /Users/bcolf/Library/Developer/Xcode/DerivedData/NaarsCars-ddjckbmdlvztnhbszwozufpfqrbp/Build/Products/Debug-iphonesimulator/NaarsCars.app/GoogleUtilities_GoogleUtilities-Environment.bundle -scanforprivacyfile /Users/bcolf/Library/Developer/Xcode/DerivedData/NaarsCars-ddjckbmdlvztnhbszwozufpfqrbp/Build/Products/Debug-iphonesimulator/NaarsCars.app/GoogleUtilities_GoogleUtilities-Logger.bundle -scanforprivacyfile /Users/bcolf/Library/Developer/Xcode/DerivedData/NaarsCars-ddjckbmdlvztnhbszwozufpfqrbp/Build/Products/Debug-iphonesimulator/NaarsCars.app/GoogleUtilities_GoogleUtilities-MethodSwizzler.bundle -scanforprivacyfile /Users/bcolf/Library/Developer/Xcode/DerivedData/NaarsCars-ddjckbmdlvztnhbszwozufpfqrbp/Build/Products/Debug-iphonesimulator/NaarsCars.app/GoogleUtilities_GoogleUtilities-NSData.bundle -scanforprivacyfile /Users/bcolf/Library/Developer/Xcode/DerivedData/NaarsCars-ddjckbmdlvztnhbszwozufpfqrbp/Build/Products/Debug-iphonesimulator/NaarsCars.app/GoogleUtilities_GoogleUtilities-Network.bundle -scanforprivacyfile /Users/bcolf/Library/Developer/Xcode/DerivedData/NaarsCars-ddjckbmdlvztnhbszwozufpfqrbp/Build/Products/Debug-iphonesimulator/NaarsCars.app/GoogleUtilities_GoogleUtilities-Reachability.bundle -scanforprivacyfile /Users/bcolf/Library/Developer/Xcode/DerivedData/NaarsCars-ddjckbmdlvztnhbszwozufpfqrbp/Build/Products/Debug-iphonesimulator/NaarsCars.app/GoogleUtilities_GoogleUtilities-UserDefaults.bundle -scanforprivacyfile /Users/bcolf/Library/Developer/Xcode/DerivedData/NaarsCars-ddjckbmdlvztnhbszwozufpfqrbp/Build/Products/Debug-iphonesimulator/NaarsCars.app/Promises_FBLPromises.bundle -scanforprivacyfile /Users/bcolf/Library/Developer/Xcode/DerivedData/NaarsCars-ddjckbmdlvztnhbszwozufpfqrbp/Build/Products/Debug-iphonesimulator/NaarsCars.app/Promises_Promises.bundle -scanforprivacyfile /Users/bcolf/Library/Developer/Xcode/DerivedData/NaarsCars-ddjckbmdlvztnhbszwozufpfqrbp/Build/Products/Debug-iphonesimulator/NaarsCars.app/nanopb_nanopb.bundle -scanforprivacyfile /Users/bcolf/Library/Developer/Xcode/DerivedData/NaarsCars-ddjckbmdlvztnhbszwozufpfqrbp/Build/Products/Debug-iphonesimulator/NaarsCars.app/swift-crypto_Crypto.bundle -o /Users/bcolf/Library/Developer/Xcode/DerivedData/NaarsCars-ddjckbmdlvztnhbszwozufpfqrbp/Build/Products/Debug-iphonesimulator/NaarsCars.app/Info.plist

CopySwiftLibs /Users/bcolf/Library/Developer/Xcode/DerivedData/NaarsCars-ddjckbmdlvztnhbszwozufpfqrbp/Build/Products/Debug-iphonesimulator/NaarsCars.app (in target 'NaarsCars' from project 'NaarsCars')
    cd /Users/bcolf/Documents/naars-cars-ios/NaarsCars
    builtin-swiftStdLibTool --copy --verbose --sign - --scan-executable /Users/bcolf/Library/Developer/Xcode/DerivedData/NaarsCars-ddjckbmdlvztnhbszwozufpfqrbp/Build/Products/Debug-iphonesimulator/NaarsCars.app/NaarsCars.debug.dylib --scan-folder /Users/bcolf/Library/Developer/Xcode/DerivedData/NaarsCars-ddjckbmdlvztnhbszwozufpfqrbp/Build/Products/Debug-iphonesimulator/NaarsCars.app/Frameworks --scan-folder /Users/bcolf/Library/Developer/Xcode/DerivedData/NaarsCars-ddjckbmdlvztnhbszwozufpfqrbp/Build/Products/Debug-iphonesimulator/NaarsCars.app/PlugIns --scan-folder /Users/bcolf/Library/Developer/Xcode/DerivedData/NaarsCars-ddjckbmdlvztnhbszwozufpfqrbp/Build/Products/Debug-iphonesimulator/NaarsCars.app/SystemExtensions --scan-folder /Users/bcolf/Library/Developer/Xcode/DerivedData/NaarsCars-ddjckbmdlvztnhbszwozufpfqrbp/Build/Products/Debug-iphonesimulator/NaarsCars.app/Extensions --platform iphonesimulator --toolchain /Applications/Xcode.app/Contents/Developer/Toolchains/XcodeDefault.xctoolchain --destination /Users/bcolf/Library/Developer/Xcode/DerivedData/NaarsCars-ddjckbmdlvztnhbszwozufpfqrbp/Build/Products/Debug-iphonesimulator/NaarsCars.app/Frameworks --strip-bitcode --strip-bitcode-tool /Applications/Xcode.app/Contents/Developer/Toolchains/XcodeDefault.xctoolchain/usr/bin/bitcode_strip --emit-dependency-info /Users/bcolf/Library/Developer/Xcode/DerivedData/NaarsCars-ddjckbmdlvztnhbszwozufpfqrbp/Build/Intermediates.noindex/NaarsCars.build/Debug-iphonesimulator/NaarsCars.build/SwiftStdLibToolInputDependencies.dep --filter-for-swift-os --back-deploy-swift-span

** BUILD SUCCEEDED **

